Archive member included to satisfy reference by file (symbol)

c:/nxp/mcuxpressoide_10.0.2_411/ide/tools/bin/../lib/gcc/arm-none-eabi/5.4.1/../../../../arm-none-eabi/lib/armv6-m\libcr_semihost_nf.a(_cr__main.o)
                              ./startup/startup_mkw41z4.o (__main)
c:/nxp/mcuxpressoide_10.0.2_411/ide/tools/bin/../lib/gcc/arm-none-eabi/5.4.1/../../../../arm-none-eabi/lib/armv6-m\libcr_semihost_nf.a(_cr_assert.o)
                              ./drivers/fsl_clock.o (__assertion_failed)
c:/nxp/mcuxpressoide_10.0.2_411/ide/tools/bin/../lib/gcc/arm-none-eabi/5.4.1/../../../../arm-none-eabi/lib/armv6-m\libcr_semihost_nf.a(__ciob.o)
                              c:/nxp/mcuxpressoide_10.0.2_411/ide/tools/bin/../lib/gcc/arm-none-eabi/5.4.1/../../../../arm-none-eabi/lib/armv6-m\libcr_semihost_nf.a(_cr_assert.o) (__Ciob)
c:/nxp/mcuxpressoide_10.0.2_411/ide/tools/bin/../lib/gcc/arm-none-eabi/5.4.1/../../../../arm-none-eabi/lib/armv6-m\libcr_semihost_nf.a(__sys_appexit.o)
                              c:/nxp/mcuxpressoide_10.0.2_411/ide/tools/bin/../lib/gcc/arm-none-eabi/5.4.1/../../../../arm-none-eabi/lib/armv6-m\libcr_semihost_nf.a(_cr_assert.o) (__sys_appexit)
c:/nxp/mcuxpressoide_10.0.2_411/ide/tools/bin/../lib/gcc/arm-none-eabi/5.4.1/../../../../arm-none-eabi/lib/armv6-m\libcr_c.a(memcpy.o)
                              ./freertos/queue.o (memcpy)
c:/nxp/mcuxpressoide_10.0.2_411/ide/tools/bin/../lib/gcc/arm-none-eabi/5.4.1/../../../../arm-none-eabi/lib/armv6-m\libcr_c.a(memset.o)
                              ./freertos/tasks.o (memset)
c:/nxp/mcuxpressoide_10.0.2_411/ide/tools/bin/../lib/gcc/arm-none-eabi/5.4.1/../../../../arm-none-eabi/lib/armv6-m\libcr_c.a(_deferredlazyseek.o)
                              c:/nxp/mcuxpressoide_10.0.2_411/ide/tools/bin/../lib/gcc/arm-none-eabi/5.4.1/../../../../arm-none-eabi/lib/armv6-m\libcr_semihost_nf.a(_cr_assert.o) (__flsbuf)
c:/nxp/mcuxpressoide_10.0.2_411/ide/tools/bin/../lib/gcc/arm-none-eabi/5.4.1/../../../../arm-none-eabi/lib/armv6-m\libcr_c.a(_fflush.o)
                              c:/nxp/mcuxpressoide_10.0.2_411/ide/tools/bin/../lib/gcc/arm-none-eabi/5.4.1/../../../../arm-none-eabi/lib/armv6-m\libcr_c.a(_deferredlazyseek.o) (_fflush)
c:/nxp/mcuxpressoide_10.0.2_411/ide/tools/bin/../lib/gcc/arm-none-eabi/5.4.1/../../../../arm-none-eabi/lib/armv6-m\libcr_c.a(_writebuf.o)
                              c:/nxp/mcuxpressoide_10.0.2_411/ide/tools/bin/../lib/gcc/arm-none-eabi/5.4.1/../../../../arm-none-eabi/lib/armv6-m\libcr_c.a(_deferredlazyseek.o) (_Cwritebuf)
c:/nxp/mcuxpressoide_10.0.2_411/ide/tools/bin/../lib/gcc/arm-none-eabi/5.4.1/../../../../arm-none-eabi/lib/armv6-m\libcr_c.a(alloc.o)
                              c:/nxp/mcuxpressoide_10.0.2_411/ide/tools/bin/../lib/gcc/arm-none-eabi/5.4.1/../../../../arm-none-eabi/lib/armv6-m\libcr_c.a(_deferredlazyseek.o) (_Csys_alloc)
c:/nxp/mcuxpressoide_10.0.2_411/ide/tools/bin/../lib/gcc/arm-none-eabi/5.4.1/../../../../arm-none-eabi/lib/armv6-m\libcr_c.a(fputs.o)
                              c:/nxp/mcuxpressoide_10.0.2_411/ide/tools/bin/../lib/gcc/arm-none-eabi/5.4.1/../../../../arm-none-eabi/lib/armv6-m\libcr_semihost_nf.a(_cr_assert.o) (fputs)
c:/nxp/mcuxpressoide_10.0.2_411/ide/tools/bin/../lib/gcc/arm-none-eabi/5.4.1/../../../../arm-none-eabi/lib/armv6-m\libcr_c.a(fseek.o)
                              c:/nxp/mcuxpressoide_10.0.2_411/ide/tools/bin/../lib/gcc/arm-none-eabi/5.4.1/../../../../arm-none-eabi/lib/armv6-m\libcr_c.a(_deferredlazyseek.o) (fseek)
c:/nxp/mcuxpressoide_10.0.2_411/ide/tools/bin/../lib/gcc/arm-none-eabi/5.4.1/../../../../arm-none-eabi/lib/armv6-m\libcr_c.a(ftell.o)
                              c:/nxp/mcuxpressoide_10.0.2_411/ide/tools/bin/../lib/gcc/arm-none-eabi/5.4.1/../../../../arm-none-eabi/lib/armv6-m\libcr_c.a(fseek.o) (ftell)
c:/nxp/mcuxpressoide_10.0.2_411/ide/tools/bin/../lib/gcc/arm-none-eabi/5.4.1/../../../../arm-none-eabi/lib/armv6-m\libcr_c.a(initio.o)
                              c:/nxp/mcuxpressoide_10.0.2_411/ide/tools/bin/../lib/gcc/arm-none-eabi/5.4.1/../../../../arm-none-eabi/lib/armv6-m\libcr_semihost_nf.a(_cr__main.o) (_initio)
c:/nxp/mcuxpressoide_10.0.2_411/ide/tools/bin/../lib/gcc/arm-none-eabi/5.4.1/../../../../arm-none-eabi/lib/armv6-m\libcr_c.a(setvbuf.o)
                              c:/nxp/mcuxpressoide_10.0.2_411/ide/tools/bin/../lib/gcc/arm-none-eabi/5.4.1/../../../../arm-none-eabi/lib/armv6-m\libcr_c.a(initio.o) (setvbuf)
c:/nxp/mcuxpressoide_10.0.2_411/ide/tools/bin/../lib/gcc/arm-none-eabi/5.4.1/../../../../arm-none-eabi/lib/armv6-m\libcr_c.a(__init_alloc.o)
                              c:/nxp/mcuxpressoide_10.0.2_411/ide/tools/bin/../lib/gcc/arm-none-eabi/5.4.1/../../../../arm-none-eabi/lib/armv6-m\libcr_c.a(alloc.o) (__heaps)
c:/nxp/mcuxpressoide_10.0.2_411/ide/tools/bin/../lib/gcc/arm-none-eabi/5.4.1/../../../../arm-none-eabi/lib/armv6-m\libcr_c.a(_cr_sbrk.o)
[...]
Memory Configuration

Name             Origin             Length             Attributes
PROGRAM_FLASH    0x00000000         0x00080000         xr
SRAM             0x1fff8000         0x00020000         xrw
*default*        0x00000000         0xffffffff

Linker script and memory map

LOAD ./utilities/fsl_debug_console.o
LOAD ./startup/startup_mkw41z4.o
LOAD ./source/Lab01_Xpresso.o
LOAD ./source/mtb.o
LOAD ./freertos/croutine.o
LOAD ./freertos/event_groups.o
LOAD ./freertos/fsl_tickless_lptmr.o
LOAD ./freertos/fsl_tickless_systick.o
LOAD ./freertos/heap_4.o
LOAD ./freertos/list.o
LOAD ./freertos/port.o
LOAD ./freertos/queue.o
LOAD ./freertos/tasks.o
LOAD ./freertos/timers.o
LOAD ./frdmkw41z/board.o
LOAD ./frdmkw41z/clock_config.o
LOAD ./frdmkw41z/pin_mux.o
LOAD ./drivers/fsl_clock.o
LOAD ./drivers/fsl_common.o
LOAD ./drivers/fsl_flash.o
LOAD ./drivers/fsl_gpio.o
LOAD ./drivers/fsl_lptmr.o
LOAD ./drivers/fsl_lpuart.o
LOAD ./drivers/fsl_lpuart_freertos.o
LOAD ./drivers/fsl_smc.o
LOAD ./CMSIS/system_MKW41Z4.o
START GROUP
LOAD c:/nxp/mcuxpressoide_10.0.2_411/ide/tools/bin/../lib/gcc/arm-none-eabi/5.4.1/../../../../arm-none-eabi/lib/armv6-m\libcr_semihost_nf.a
LOAD c:/nxp/mcuxpressoide_10.0.2_411/ide/tools/bin/../lib/gcc/arm-none-eabi/5.4.1/../../../../arm-none-eabi/lib/armv6-m\libcr_c.a
LOAD c:/nxp/mcuxpressoide_10.0.2_411/ide/tools/bin/../lib/gcc/arm-none-eabi/5.4.1/armv6-m\libcr_eabihelpers.a
END GROUP
                0x00000000                __base_PROGRAM_FLASH = 0x0
                0x00000000                __base_Flash = 0x0
                0x00080000                __top_PROGRAM_FLASH = 0x80000
                0x00080000                __top_Flash = 0x80000
                0x1fff8000                __base_SRAM = 0x1fff8000
                0x1fff8000                __base_RAM = 0x1fff8000
                0x20018000                __top_SRAM = 0x20018000
                0x20018000                __top_RAM = 0x20018000

.text           0x00000000     0x4778
 FILL mask 0xff
                0x00000000                __vectors_start__ = ABSOLUTE (.)
 *(.isr_vector)
 .isr_vector    0x00000000       0xc0 ./startup/startup_mkw41z4.o
                0x00000000                g_pfnVectors
                0x00000000                __Vectors
                0x000000c0                . = ALIGN (0x4)
                0x000000c0                __section_table_start = .
                0x000000c0                __data_section_table = .
                0x000000c0        0x4 LONG 0x4778 LOADADDR (.data)
                0x000000c4        0x4 LONG 0x1fff8080 ADDR (.data)
                0x000000c8        0x4 LONG 0x8 SIZEOF (.data)
                0x000000cc                __data_section_table_end = .
                0x000000cc                __bss_section_table = .
                0x000000cc        0x4 LONG 0x1fff8088 ADDR (.bss)
                0x000000d0        0x4 LONG 0x2a74 SIZEOF (.bss)
                0x000000d4                __bss_section_table_end = .
                0x000000d4                __section_table_end = .
 *(.after_vectors*)
 .after_vectors.init_data
                0x000000d4       0x18 ./startup/startup_mkw41z4.o
                0x000000d4                data_init
 .after_vectors.init_bss
                0x000000ec       0x14 ./startup/startup_mkw41z4.o
                0x000000ec                bss_init
 .after_vectors.reset
                0x00000100       0x4c ./startup/startup_mkw41z4.o
                0x00000100                ResetISR
 .after_vectors
                0x0000014c      0x118 ./startup/startup_mkw41z4.o
                0x0000014c                NMI_Handler
                0x00000150                HardFault_Handler
                0x00000160                DMA0_DriverIRQHandler
                0x00000160                PIT_DriverIRQHandler
                0x00000160                SPI1_DriverIRQHandler
                0x00000160                LPTMR0_DriverIRQHandler
                0x00000160                PORTB_PORTC_DriverIRQHandler
                0x00000160                DMA3_DriverIRQHandler
                0x00000160                I2C0_DriverIRQHandler
                0x00000160                DMA2_DriverIRQHandler
                0x00000160                TRNG0_DriverIRQHandler
                0x00000160                CMP0_DriverIRQHandler
                0x00000160                TPM2_DriverIRQHandler
                0x00000160                Radio_0_DriverIRQHandler
                0x00000160                ADC0_DriverIRQHandler
                0x00000160                SPI0_DriverIRQHandler
                0x00000160                TSI0_DriverIRQHandler
                0x00000160                RTC_Seconds_DriverIRQHandler
                0x00000160                LTC0_DriverIRQHandler
                0x00000160                LLWU_DriverIRQHandler
                0x00000160                MCG_DriverIRQHandler
                0x00000160                I2C1_DriverIRQHandler
                0x00000160                CMT_DriverIRQHandler
                0x00000160                DMA1_DriverIRQHandler
                0x00000160                FTFA_DriverIRQHandler
                0x00000160                IntDefaultHandler
                0x00000160                RTC_DriverIRQHandler
                0x00000160                DAC0_DriverIRQHandler
                0x00000160                TPM0_DriverIRQHandler
                0x00000160                TPM1_DriverIRQHandler
                0x00000160                LVD_LVW_DCDC_DriverIRQHandler
                0x00000160                PORTA_DriverIRQHandler
                0x00000160                Reserved20_DriverIRQHandler
                0x00000160                Radio_1_DriverIRQHandler
                0x00000164                DMA0_IRQHandler
                0x0000016c                DMA1_IRQHandler
                0x00000174                DMA2_IRQHandler
                0x0000017c                DMA3_IRQHandler
                0x00000184                Reserved20_IRQHandler
                0x0000018c                FTFA_IRQHandler
                0x00000194                LVD_LVW_DCDC_IRQHandler
                0x0000019c                LLWU_IRQHandler
                0x000001a4                I2C0_IRQHandler
                0x000001ac                I2C1_IRQHandler
                0x000001b4                SPI0_IRQHandler
                0x000001bc                TSI0_IRQHandler
                0x000001c4                LPUART0_IRQHandler
                0x000001cc                TRNG0_IRQHandler
                0x000001d4                CMT_IRQHandler
                0x000001dc                ADC0_IRQHandler
                0x000001e4                CMP0_IRQHandler
                0x000001ec                TPM0_IRQHandler
                0x000001f4                TPM1_IRQHandler
                0x000001fc                TPM2_IRQHandler
                0x00000204                RTC_IRQHandler
                0x0000020c                RTC_Seconds_IRQHandler
                0x00000214                PIT_IRQHandler
                0x0000021c                LTC0_IRQHandler
                0x00000224                Radio_0_IRQHandler
                0x0000022c                DAC0_IRQHandler
                0x00000234                Radio_1_IRQHandler
                0x0000023c                MCG_IRQHandler
                0x00000244                LPTMR0_IRQHandler
                0x0000024c                SPI1_IRQHandler
                0x00000254                PORTA_IRQHandler
                0x0000025c                PORTB_PORTC_IRQHandler
                0x00000400                . = 0x400
 *fill*         0x00000264      0x19c ff
                0x00000400                PROVIDE (__FLASH_CONFIG_START__, .)
 *(.FlashConfig)
 .FlashConfig   0x00000400       0x10 ./startup/startup_mkw41z4.o
                0x00000400                Flash_Config
                0x00000410                PROVIDE (__FLASH_CONFIG_END__, .)
                0x00000001                ASSERT (! ((__FLASH_CONFIG_START__ == __FLASH_CONFIG_END__)), Linker Flash Config Support Enabled, but no .FlashConfig section provided within application)
 *(.text*)
 .text.LPUART_EnableTx
                0x00000410       0x40 ./utilities/fsl_debug_console.o
 .text.LPUART_EnableRx
                0x00000450       0x40 ./utilities/fsl_debug_console.o
 .text.DbgConsole_Init
                0x00000490       0x94 ./utilities/fsl_debug_console.o
                0x00000490                DbgConsole_Init
 .text.GPIO_WritePinOutput
                0x00000524       0x34 ./source/Lab01_Xpresso.o
 .text.GPIO_SetPinsOutput
                0x00000558       0x18 ./source/Lab01_Xpresso.o
 .text.GPIO_ClearPinsOutput
                0x00000570       0x18 ./source/Lab01_Xpresso.o
 .text.Seconds2Ticks
                0x00000588       0x28 ./source/Lab01_Xpresso.o
                0x00000588                Seconds2Ticks
 .text.main     0x000005b0       0x5c ./source/Lab01_Xpresso.o
                0x000005b0                main
 .text.FlashLED2
                0x0000060c       0x5c ./source/Lab01_Xpresso.o
                0x0000060c                FlashLED2
 .text.prvSetupTimerInterrupt
                0x00000668       0x3c ./freertos/fsl_tickless_lptmr.o
                0x00000668                prvSetupTimerInterrupt
 .text.pvPortMalloc
                0x000006a4      0x14c ./freertos/heap_4.o
                0x000006a4                pvPortMalloc
 .text.vPortFree
                0x000007f0       0x90 ./freertos/heap_4.o
                0x000007f0                vPortFree
 .text.prvHeapInit
                0x00000880       0xc0 ./freertos/heap_4.o
 .text.prvInsertBlockIntoFreeList
                0x00000940       0xb0 ./freertos/heap_4.o
 .text.vListInitialise
                0x000009f0       0x3c ./freertos/list.o
                0x000009f0                vListInitialise
 .text.vListInitialiseItem
                0x00000a2c       0x18 ./freertos/list.o
                0x00000a2c                vListInitialiseItem
 .text.vListInsertEnd
                0x00000a44       0x44 ./freertos/list.o
                0x00000a44                vListInsertEnd
 .text.vListInsert
                0x00000a88       0x6c ./freertos/list.o
                0x00000a88                vListInsert
 .text.uxListRemove
                0x00000af4       0x50 ./freertos/list.o
                0x00000af4                uxListRemove
 .text.pxPortInitialiseStack
                0x00000b44       0x54 ./freertos/port.o
                0x00000b44                pxPortInitialiseStack
 .text.prvTaskExitError
                0x00000b98       0x18 ./freertos/port.o
 .text.SVC_Handler
                0x00000bb0        0xc ./freertos/port.o
                0x00000bb0                SVC_Handler
 *fill*         0x00000bbc        0x4 ff
 .text.vPortStartFirstTask
                0x00000bc0       0x38 ./freertos/port.o
 .text.xPortStartScheduler
                0x00000bf8       0x44 ./freertos/port.o
                0x00000bf8                xPortStartScheduler
 .text.vPortYield
                0x00000c3c       0x20 ./freertos/port.o
                0x00000c3c                vPortYield
 .text.vPortEnterCritical
                0x00000c5c       0x24 ./freertos/port.o
                0x00000c5c                vPortEnterCritical
 .text.vPortExitCritical
                0x00000c80       0x30 ./freertos/port.o
                0x00000c80                vPortExitCritical
 .text.ulSetInterruptMaskFromISR
                0x00000cb0        0xc ./freertos/port.o
                0x00000cb0                ulSetInterruptMaskFromISR
 .text.vClearInterruptMaskFromISR
                0x00000cbc        0x8 ./freertos/port.o
                0x00000cbc                vClearInterruptMaskFromISR
 *fill*         0x00000cc4        0xc ff
 .text.PendSV_Handler
                0x00000cd0       0x48 ./freertos/port.o
                0x00000cd0                PendSV_Handler
 .text.SysTick_Handler
                0x00000d18       0x34 ./freertos/port.o
                0x00000d18                SysTick_Handler
 .text.xQueueGenericReset
                0x00000d4c       0xa8 ./freertos/queue.o
                0x00000d4c                xQueueGenericReset
 .text.xQueueGenericCreate
                0x00000df4       0x64 ./freertos/queue.o
                0x00000df4                xQueueGenericCreate
 .text.prvInitialiseNewQueue
                0x00000e58       0x50 ./freertos/queue.o
 .text.xQueueGenericSend
                0x00000ea8      0x188 ./freertos/queue.o
                0x00000ea8                xQueueGenericSend
 .text.xQueueGenericSendFromISR
                0x00001030       0xe4 ./freertos/queue.o
                0x00001030                xQueueGenericSendFromISR
 .text.xQueueGenericReceive
                0x00001114      0x1c8 ./freertos/queue.o
                0x00001114                xQueueGenericReceive
 .text.prvCopyDataToQueue
                0x000012dc       0xd8 ./freertos/queue.o
 .text.prvCopyDataFromQueue
                0x000013b4       0x4c ./freertos/queue.o
 .text.prvUnlockQueue
                0x00001400       0xc0 ./freertos/queue.o
 .text.prvIsQueueEmpty
                0x000014c0       0x2c ./freertos/queue.o
 .text.prvIsQueueFull
                0x000014ec       0x30 ./freertos/queue.o
 .text.vQueueAddToRegistry
                0x0000151c       0x50 ./freertos/queue.o
                0x0000151c                vQueueAddToRegistry
 .text.vQueueWaitForMessageRestricted
                0x0000156c       0x68 ./freertos/queue.o
                0x0000156c                vQueueWaitForMessageRestricted
 .text.xTaskCreate
                0x000015d4       0x90 ./freertos/tasks.o
                0x000015d4                xTaskCreate
 .text.prvInitialiseNewTask
                0x00001664      0x120 ./freertos/tasks.o
 .text.prvAddNewTaskToReadyList
                0x00001784       0xd0 ./freertos/tasks.o
 .text.vTaskDelay
                0x00001854       0x4c ./freertos/tasks.o
                0x00001854                vTaskDelay
 .text.vTaskStartScheduler
                0x000018a0       0x78 ./freertos/tasks.o
                0x000018a0                vTaskStartScheduler
 .text.vTaskSuspendAll
                0x00001918       0x18 ./freertos/tasks.o
                0x00001918                vTaskSuspendAll
 .text.xTaskResumeAll
                0x00001930      0x118 ./freertos/tasks.o
                0x00001930                xTaskResumeAll
 .text.xTaskGetTickCount
                0x00001a48       0x1c ./freertos/tasks.o
                0x00001a48                xTaskGetTickCount
 .text.xTaskIncrementTick
                0x00001a64      0x14c ./freertos/tasks.o
                0x00001a64                xTaskIncrementTick
 .text.vTaskSwitchContext
                0x00001bb0       0xa4 ./freertos/tasks.o
                0x00001bb0                vTaskSwitchContext
 .text.vTaskPlaceOnEventList
                0x00001c54       0x3c ./freertos/tasks.o
                0x00001c54                vTaskPlaceOnEventList
 .text.vTaskPlaceOnEventListRestricted
                0x00001c90       0x4c ./freertos/tasks.o
                0x00001c90                vTaskPlaceOnEventListRestricted
 .text.xTaskRemoveFromEventList
                0x00001cdc       0xb8 ./freertos/tasks.o
                0x00001cdc                xTaskRemoveFromEventList
 .text.vTaskSetTimeOutState
                0x00001d94       0x34 ./freertos/tasks.o
                0x00001d94                vTaskSetTimeOutState
 .text.xTaskCheckForTimeOut
                0x00001dc8       0x9c ./freertos/tasks.o
                0x00001dc8                xTaskCheckForTimeOut
 .text.vTaskMissedYield
                0x00001e64       0x14 ./freertos/tasks.o
                0x00001e64                vTaskMissedYield
 .text.prvIdleTask
                0x00001e78       0x20 ./freertos/tasks.o
 .text.prvInitialiseTaskLists
                0x00001e98       0x88 ./freertos/tasks.o
 .text.prvCheckTasksWaitingTermination
                0x00001f20       0x74 ./freertos/tasks.o
 .text.prvDeleteTCB
                0x00001f94       0x24 ./freertos/tasks.o
 .text.prvResetNextTaskUnblockTime
                0x00001fb8       0x48 ./freertos/tasks.o
 .text.xTaskGetSchedulerState
                0x00002000       0x38 ./freertos/tasks.o
                0x00002000                xTaskGetSchedulerState
 .text.vTaskPriorityInherit
                0x00002038       0xbc ./freertos/tasks.o
                0x00002038                vTaskPriorityInherit
 .text.xTaskPriorityDisinherit
                0x000020f4       0xb8 ./freertos/tasks.o
                0x000020f4                xTaskPriorityDisinherit
 .text.pvTaskIncrementMutexHeldCount
                0x000021ac       0x24 ./freertos/tasks.o
                0x000021ac                pvTaskIncrementMutexHeldCount
 .text.prvAddCurrentTaskToDelayedList
                0x000021d0       0xa8 ./freertos/tasks.o
 .text.xTimerCreateTimerTask
                0x00002278       0x54 ./freertos/timers.o
                0x00002278                xTimerCreateTimerTask
 .text.xTimerGenericCommand
                0x000022cc       0x9c ./freertos/timers.o
                0x000022cc                xTimerGenericCommand
 .text.prvProcessExpiredTimer
                0x00002368       0x70 ./freertos/timers.o
 .text.prvTimerTask
                0x000023d8       0x28 ./freertos/timers.o
 .text.prvProcessTimerOrBlockTask
                0x00002400       0x8c ./freertos/timers.o
 .text.prvGetNextExpireTime
                0x0000248c       0x40 ./freertos/timers.o
 .text.prvSampleTimeNow
                0x000024cc       0x40 ./freertos/timers.o
 .text.prvInsertTimerInActiveList
                0x0000250c       0x84 ./freertos/timers.o
 .text.prvProcessReceivedCommands
                0x00002590      0x12c ./freertos/timers.o
 .text.prvSwitchTimerLists
                0x000026bc       0xb4 ./freertos/timers.o
 .text.prvCheckForValidListAndQueue
                0x00002770       0x74 ./freertos/timers.o
 .text.CLOCK_SetLpuartClock
                0x000027e4       0x38 ./frdmkw41z/board.o
 .text.BOARD_InitDebugConsole
                0x0000281c       0x30 ./frdmkw41z/board.o
                0x0000281c                BOARD_InitDebugConsole
 .text.CLOCK_SetSimSafeDivs
                0x0000284c       0x1c ./frdmkw41z/clock_config.o
 .text.CLOCK_SetXtal0Freq
                0x00002868       0x1c ./frdmkw41z/clock_config.o
 .text.CLOCK_SYS_FllStableDelay
                0x00002884       0x24 ./frdmkw41z/clock_config.o
 .text.BOARD_BootClockRUN
                0x000028a8       0x64 ./frdmkw41z/clock_config.o
                0x000028a8                BOARD_BootClockRUN
 .text.BOARD_RfOscInit
                0x0000290c       0xd4 ./frdmkw41z/clock_config.o
                0x0000290c                BOARD_RfOscInit
 .text.BOARD_InitOsc0
                0x000029e0       0x30 ./frdmkw41z/clock_config.o
                0x000029e0                BOARD_InitOsc0
 .text.CLOCK_EnableClock
                0x00002a10       0x38 ./frdmkw41z/pin_mux.o
 .text.PORT_SetPinMux
                0x00002a48       0x40 ./frdmkw41z/pin_mux.o
 .text.BOARD_InitPins
                0x00002a88       0x4c ./frdmkw41z/pin_mux.o
                0x00002a88                BOARD_InitPins
 .text.CLOCK_SetEr32kClock
                0x00002ad4       0x30 ./drivers/fsl_clock.o
 .text.CLOCK_GetOscRangeFromFreq
                0x00002b04       0x4c ./drivers/fsl_clock.o
 .text.CLOCK_GetOsc0ErClkFreq
                0x00002b50       0x28 ./drivers/fsl_clock.o
                0x00002b50                CLOCK_GetOsc0ErClkFreq
 .text.CLOCK_SetSimConfig
                0x00002b78       0x2c ./drivers/fsl_clock.o
                0x00002b78                CLOCK_SetSimConfig
 .text.CLOCK_SetExternalRefClkConfig
                0x00002ba4       0x80 ./drivers/fsl_clock.o
                0x00002ba4                CLOCK_SetExternalRefClkConfig
 .text.CLOCK_SetInternalRefClkConfig
                0x00002c24      0x12c ./drivers/fsl_clock.o
                0x00002c24                CLOCK_SetInternalRefClkConfig
 .text.CLOCK_InitOsc0
                0x00002d50       0x6c ./drivers/fsl_clock.o
                0x00002d50                CLOCK_InitOsc0
 .text.CLOCK_SetFeeMode
                0x00002dbc      0x144 ./drivers/fsl_clock.o
                0x00002dbc                CLOCK_SetFeeMode
 .text.CLOCK_BootToFeeMode
                0x00002f00       0x50 ./drivers/fsl_clock.o
                0x00002f00                CLOCK_BootToFeeMode
 .text.CLOCK_EnableClock
                0x00002f50       0x38 ./drivers/fsl_lpuart.o
 .text.LPUART_GetInstance
                0x00002f88       0x48 ./drivers/fsl_lpuart.o
                0x00002f88                LPUART_GetInstance
 .text.LPUART_Init
                0x00002fd0      0x28c ./drivers/fsl_lpuart.o
                0x00002fd0                LPUART_Init
 .text.LPUART_GetDefaultConfig
                0x0000325c       0x50 ./drivers/fsl_lpuart.o
                0x0000325c                LPUART_GetDefaultConfig
 .text.LPUART_GetStatusFlags
                0x000032ac       0x18 ./drivers/fsl_lpuart.o
                0x000032ac                LPUART_GetStatusFlags
 .text.LPUART_ClearStatusFlags
                0x000032c4       0x88 ./drivers/fsl_lpuart.o
                0x000032c4                LPUART_ClearStatusFlags
 .text.LPUART_WriteBlocking
                0x0000334c       0x4c ./drivers/fsl_lpuart.o
                0x0000334c                LPUART_WriteBlocking
 .text.LPUART_ReadBlocking
                0x00003398       0xd8 ./drivers/fsl_lpuart.o
                0x00003398                LPUART_ReadBlocking
 .text.LPUART0_DriverIRQHandler
                0x00003470       0x24 ./drivers/fsl_lpuart.o
                0x00003470                LPUART0_DriverIRQHandler
 .text.SystemInit
                0x00003494       0x18 ./CMSIS/system_MKW41Z4.o
                0x00003494                SystemInit
 .text.SystemCoreClockUpdate
                0x000034ac      0x224 ./CMSIS/system_MKW41Z4.o
                0x000034ac                SystemCoreClockUpdate
 .text.__main   0x000036d0        0xc c:/nxp/mcuxpressoide_10.0.2_411/ide/tools/bin/../lib/gcc/arm-none-eabi/5.4.1/../../../../arm-none-eabi/lib/armv6-m\libcr_semihost_nf.a(_cr__main.o)
                0x000036d0                __CR_SEMIHOST
                0x000036d0                __main
 .text.__assertion_failed
                0x000036dc       0x4c c:/nxp/mcuxpressoide_10.0.2_411/ide/tools/bin/../lib/gcc/arm-none-eabi/5.4.1/../../../../arm-none-eabi/lib/armv6-m\libcr_semihost_nf.a(_cr_assert.o)
                0x000036dc                __assertion_failed
 .text.__sys_appexit
                0x00003728        0xc c:/nxp/mcuxpressoide_10.0.2_411/ide/tools/bin/../lib/gcc/arm-none-eabi/5.4.1/../../../../arm-none-eabi/lib/armv6-m\libcr_semihost_nf.a(__sys_appexit.o)
                0x00003728                __sys_appexit
                0x00003728                __exit
 .text.memcpy   0x00003734        0x8 c:/nxp/mcuxpressoide_10.0.2_411/ide/tools/bin/../lib/gcc/arm-none-eabi/5.4.1/../../../../arm-none-eabi/lib/armv6-m\libcr_c.a(memcpy.o)
                0x00003734                memcpy
 .text.memset   0x0000373c        0x8 c:/nxp/mcuxpressoide_10.0.2_411/ide/tools/bin/../lib/gcc/arm-none-eabi/5.4.1/../../../../arm-none-eabi/lib/armv6-m\libcr_c.a(memset.o)
                0x0000373c                memset
 .text._deferredlazyseek
                0x00003744       0x40 c:/nxp/mcuxpressoide_10.0.2_411/ide/tools/bin/../lib/gcc/arm-none-eabi/5.4.1/../../../../arm-none-eabi/lib/armv6-m\libcr_c.a(_deferredlazyseek.o)
                0x00003744                _deferredlazyseek
 .text.__flsbuf
                0x00003784      0x14c c:/nxp/mcuxpressoide_10.0.2_411/ide/tools/bin/../lib/gcc/arm-none-eabi/5.4.1/../../../../arm-none-eabi/lib/armv6-m\libcr_c.a(_deferredlazyseek.o)
                0x00003784                __flsbuf
 .text._fflush  0x000038d0       0x60 c:/nxp/mcuxpressoide_10.0.2_411/ide/tools/bin/../lib/gcc/arm-none-eabi/5.4.1/../../../../arm-none-eabi/lib/armv6-m\libcr_c.a(_fflush.o)
                0x000038d0                _fflush
 .text._Cwritebuf
                0x00003930       0x6c c:/nxp/mcuxpressoide_10.0.2_411/ide/tools/bin/../lib/gcc/arm-none-eabi/5.4.1/../../../../arm-none-eabi/lib/armv6-m\libcr_c.a(_writebuf.o)
                0x00003930                _Cwritebuf
 .text.malloc   0x0000399c       0xcc c:/nxp/mcuxpressoide_10.0.2_411/ide/tools/bin/../lib/gcc/arm-none-eabi/5.4.1/../../../../arm-none-eabi/lib/armv6-m\libcr_c.a(alloc.o)
                0x0000399c                malloc
 .text.free     0x00003a68       0x2e c:/nxp/mcuxpressoide_10.0.2_411/ide/tools/bin/../lib/gcc/arm-none-eabi/5.4.1/../../../../arm-none-eabi/lib/armv6-m\libcr_c.a(alloc.o)
                0x00003a68                free
 *fill*         0x00003a96        0x2 ff
 .text._Csys_alloc
                0x00003a98       0x20 c:/nxp/mcuxpressoide_10.0.2_411/ide/tools/bin/../lib/gcc/arm-none-eabi/5.4.1/../../../../arm-none-eabi/lib/armv6-m\libcr_c.a(alloc.o)
                0x00003a98                _Csys_alloc
 .text.fputs    0x00003ab8       0x30 c:/nxp/mcuxpressoide_10.0.2_411/ide/tools/bin/../lib/gcc/arm-none-eabi/5.4.1/../../../../arm-none-eabi/lib/armv6-m\libcr_c.a(fputs.o)
                0x00003ab8                fputs
 .text.fseek    0x00003ae8       0xf0 c:/nxp/mcuxpressoide_10.0.2_411/ide/tools/bin/../lib/gcc/arm-none-eabi/5.4.1/../../../../arm-none-eabi/lib/armv6-m\libcr_c.a(fseek.o)
                0x00003ae8                fseek
 .text.ftell    0x00003bd8       0x48 c:/nxp/mcuxpressoide_10.0.2_411/ide/tools/bin/../lib/gcc/arm-none-eabi/5.4.1/../../../../arm-none-eabi/lib/armv6-m\libcr_c.a(ftell.o)
                0x00003bd8                ftell
 .text._initio  0x00003c20       0x7c c:/nxp/mcuxpressoide_10.0.2_411/ide/tools/bin/../lib/gcc/arm-none-eabi/5.4.1/../../../../arm-none-eabi/lib/armv6-m\libcr_c.a(initio.o)
                0x00003c20                _initio
 .text.setvbuf  0x00003c9c       0x4c c:/nxp/mcuxpressoide_10.0.2_411/ide/tools/bin/../lib/gcc/arm-none-eabi/5.4.1/../../../../arm-none-eabi/lib/armv6-m\libcr_c.a(setvbuf.o)
                0x00003c9c                setvbuf
 .text._sbrk    0x00003ce8       0x40 c:/nxp/mcuxpressoide_10.0.2_411/ide/tools/bin/../lib/gcc/arm-none-eabi/5.4.1/../../../../arm-none-eabi/lib/armv6-m\libcr_c.a(_cr_sbrk.o)
                0x00003ce8                _sbrk
 .text._fdopen  0x00003d28       0x74 c:/nxp/mcuxpressoide_10.0.2_411/ide/tools/bin/../lib/gcc/arm-none-eabi/5.4.1/../../../../arm-none-eabi/lib/armv6-m\libcr_c.a(_fdopen.o)
                0x00003d28                _fdopen
 .text.fclose   0x00003d9c       0x5c c:/nxp/mcuxpressoide_10.0.2_411/ide/tools/bin/../lib/gcc/arm-none-eabi/5.4.1/../../../../arm-none-eabi/lib/armv6-m\libcr_c.a(fclose.o)
                0x00003d9c                fclose
 .text.fflush   0x00003df8       0x44 c:/nxp/mcuxpressoide_10.0.2_411/ide/tools/bin/../lib/gcc/arm-none-eabi/5.4.1/../../../../arm-none-eabi/lib/armv6-m\libcr_c.a(fflush.o)
                0x00003df8                fflush
 .text.remove   0x00003e3c       0x12 c:/nxp/mcuxpressoide_10.0.2_411/ide/tools/bin/../lib/gcc/arm-none-eabi/5.4.1/../../../../arm-none-eabi/lib/armv6-m\libcr_c.a(remove.o)
                0x00003e3c                remove
 *fill*         0x00003e4e        0x2 ff
 .text.strlen   0x00003e50       0x54 c:/nxp/mcuxpressoide_10.0.2_411/ide/tools/bin/../lib/gcc/arm-none-eabi/5.4.1/../../../../arm-none-eabi/lib/armv6-m\libcr_c.a(strlen.o)
                0x00003e50                strlen
 .text.__check_heap_overflow
                0x00003ea4       0x14 c:/nxp/mcuxpressoide_10.0.2_411/ide/tools/bin/../lib/gcc/arm-none-eabi/5.4.1/../../../../arm-none-eabi/lib/armv6-m\libcr_c.a(_cr_check_heap.o)
                0x00003ea4                __check_heap_overflow
 .text._do_fflush
                0x00003eb8       0x48 c:/nxp/mcuxpressoide_10.0.2_411/ide/tools/bin/../lib/gcc/arm-none-eabi/5.4.1/../../../../arm-none-eabi/lib/armv6-m\libcr_c.a(_do_fflush.o)
                0x00003eb8                _do_fflush
 .text.__aeabi_division_idivmod
                0x00003f00       0x78 c:/nxp/mcuxpressoide_10.0.2_411/ide/tools/bin/../lib/gcc/arm-none-eabi/5.4.1/armv6-m\libcr_eabihelpers.a(division_32.o)
                0x00003f00                __aeabi_idivmod
                0x00003f00                __aeabi_idiv
                0x00003f06                __aeabi_uidivmod
                0x00003f06                __aeabi_uidiv
 .text.__aeabi_division_idiv0
                0x00003f78        0x2 c:/nxp/mcuxpressoide_10.0.2_411/ide/tools/bin/../lib/gcc/arm-none-eabi/5.4.1/armv6-m\libcr_eabihelpers.a(division_idiv0.o)
                0x00003f78                __aeabi_idiv0
 *fill*         0x00003f7a        0x2 ff
 .text.__aeabi_fmul
                0x00003f7c       0xc4 c:/nxp/mcuxpressoide_10.0.2_411/ide/tools/bin/../lib/gcc/arm-none-eabi/5.4.1/armv6-m\libcr_eabihelpers.a(float.o)
                0x00003f7c                __aeabi_fmul
 .text.__aeabi_f2uiz
                0x00004040       0x28 c:/nxp/mcuxpressoide_10.0.2_411/ide/tools/bin/../lib/gcc/arm-none-eabi/5.4.1/armv6-m\libcr_eabihelpers.a(float.o)
                0x00004040                __aeabi_f2uiz
 .text.__aeabi_llong_lmul
                0x00004068       0x2e c:/nxp/mcuxpressoide_10.0.2_411/ide/tools/bin/../lib/gcc/arm-none-eabi/5.4.1/armv6-m\libcr_eabihelpers.a(llong.o)
                0x00004068                __aeabi_lmul
 .text.__aeabi_memcpy
                0x00004096       0x2c c:/nxp/mcuxpressoide_10.0.2_411/ide/tools/bin/../lib/gcc/arm-none-eabi/5.4.1/armv6-m\libcr_eabihelpers.a(memcpy.o)
                0x00004096                __aeabi_memcpy4
                0x00004096                __aeabi_memcpy8
                0x00004096                __aeabi_memcpy
 .text.__aeabi_memset_lowlevel
                0x000040c2       0x2a c:/nxp/mcuxpressoide_10.0.2_411/ide/tools/bin/../lib/gcc/arm-none-eabi/5.4.1/armv6-m\libcr_eabihelpers.a(memcpy.o)
                0x000040c2                __aeabi_lowlevel_memset
 .text.__sys_close
                0x000040ec        0xc c:/nxp/mcuxpressoide_10.0.2_411/ide/tools/bin/../lib/gcc/arm-none-eabi/5.4.1/../../../../arm-none-eabi/lib/armv6-m\libcr_semihost_nf.a(__sys_close.o)
                0x000040ec                __sys_close
 .text.__sys_flen
                0x000040f8        0xc c:/nxp/mcuxpressoide_10.0.2_411/ide/tools/bin/../lib/gcc/arm-none-eabi/5.4.1/../../../../arm-none-eabi/lib/armv6-m\libcr_semihost_nf.a(__sys_flen.o)
                0x000040f8                __sys_flen
 .text.__sys_istty
                0x00004104        0xc c:/nxp/mcuxpressoide_10.0.2_411/ide/tools/bin/../lib/gcc/arm-none-eabi/5.4.1/../../../../arm-none-eabi/lib/armv6-m\libcr_semihost_nf.a(__sys_istty.o)
                0x00004104                __sys_istty
 .text.__sys_remove
                0x00004110        0xc c:/nxp/mcuxpressoide_10.0.2_411/ide/tools/bin/../lib/gcc/arm-none-eabi/5.4.1/../../../../arm-none-eabi/lib/armv6-m\libcr_semihost_nf.a(__sys_remove.o)
                0x00004110                __sys_remove
 .text.__sys_seek
                0x0000411c        0xc c:/nxp/mcuxpressoide_10.0.2_411/ide/tools/bin/../lib/gcc/arm-none-eabi/5.4.1/../../../../arm-none-eabi/lib/armv6-m\libcr_semihost_nf.a(__sys_seek.o)
                0x0000411c                __sys_seek
 .text.__sys_tmpnam
                0x00004128        0xc c:/nxp/mcuxpressoide_10.0.2_411/ide/tools/bin/../lib/gcc/arm-none-eabi/5.4.1/../../../../arm-none-eabi/lib/armv6-m\libcr_semihost_nf.a(__sys_tmpnam.o)
                0x00004128                __sys_tmpnam
 .text.__sys_write
                0x00004134        0xc c:/nxp/mcuxpressoide_10.0.2_411/ide/tools/bin/../lib/gcc/arm-none-eabi/5.4.1/../../../../arm-none-eabi/lib/armv6-m\libcr_semihost_nf.a(__sys_write.o)
                0x00004134                __sys_write
 *(.rodata .rodata.* .constdata .constdata.*)
 .rodata        0x00004140        0x9 ./source/Lab01_Xpresso.o
 *fill*         0x00004149        0x3 ff
 .rodata        0x0000414c        0x5 ./freertos/tasks.o
 *fill*         0x00004151        0x3 ff
 .rodata        0x00004154        0xd ./freertos/timers.o
 *fill*         0x00004161        0x3 ff
 .rodata.prvProcessReceivedCommands
                0x00004164       0x28 ./freertos/timers.o
 .rodata        0x0000418c       0xd9 ./drivers/fsl_clock.o
 *fill*         0x00004265        0x3 ff
 .rodata        0x00004268      0x4da ./drivers/fsl_lpuart.o
 .rodata.str1.1
                0x00004742       0x15 c:/nxp/mcuxpressoide_10.0.2_411/ide/tools/bin/../lib/gcc/arm-none-eabi/5.4.1/../../../../arm-none-eabi/lib/armv6-m\libcr_semihost_nf.a(_cr_assert.o)
 *fill*         0x00004757        0x1 ff
 .rodata.__num_Ciob_streams
                0x00004758        0x4 c:/nxp/mcuxpressoide_10.0.2_411/ide/tools/bin/../lib/gcc/arm-none-eabi/5.4.1/../../../../arm-none-eabi/lib/armv6-m\libcr_semihost_nf.a(__ciob.o)
                0x00004758                __num_Ciob_streams
 .rodata.str1.1
                0x0000475c       0x18 c:/nxp/mcuxpressoide_10.0.2_411/ide/tools/bin/../lib/gcc/arm-none-eabi/5.4.1/../../../../arm-none-eabi/lib/armv6-m\libcr_c.a(alloc.o)
 .rodata.str1.1
                0x00004774        0x4 c:/nxp/mcuxpressoide_10.0.2_411/ide/tools/bin/../lib/gcc/arm-none-eabi/5.4.1/../../../../arm-none-eabi/lib/armv6-m\libcr_c.a(initio.o)
                0x00004778                . = ALIGN (0x4)

.glue_7         0x00004778        0x0
 .glue_7        0x00004778        0x0 linker stubs

.glue_7t        0x00004778        0x0
 .glue_7t       0x00004778        0x0 linker stubs

.vfp11_veneer   0x00004778        0x0
 .vfp11_veneer  0x00004778        0x0 linker stubs

.v4_bx          0x00004778        0x0
 .v4_bx         0x00004778        0x0 linker stubs

.iplt           0x00004778        0x0
 .iplt          0x00004778        0x0 ./utilities/fsl_debug_console.o

.rel.dyn        0x00004778        0x0
 .rel.iplt      0x00004778        0x0 ./utilities/fsl_debug_console.o

.ARM.extab
 *(.ARM.extab* .gnu.linkonce.armextab.*)
                0x00004778                __exidx_start = .

.ARM.exidx
 *(.ARM.exidx* .gnu.linkonce.armexidx.*)
                0x00004778                __exidx_end = .
                0x00004778                _etext = .

.mtb_buffer_default
                0x1fff8000       0x80
 *(.mtb*)
 .mtb.$RAM1     0x1fff8000       0x80 ./source/mtb.o
                0x1fff8000                __mtb_buffer__

.uninit_RESERVED
                0x1fff8080        0x0
 *(.bss.$RESERVED*)
                0x1fff8080                . = ALIGN (0x4)
                0x1fff8080                _end_uninit_RESERVED = .

.data           0x1fff8080        0x8 load address 0x00004778
 FILL mask 0xff
                0x1fff8080                _data = .
 *(vtable)
 *(.ramfunc*)
 *(.data*)
 .data.uxCriticalNesting
                0x1fff8080        0x4 ./freertos/port.o
 .data.SystemCoreClock
                0x1fff8084        0x4 ./CMSIS/system_MKW41Z4.o
                0x1fff8084                SystemCoreClock
                0x1fff8088                . = ALIGN (0x4)
                0x1fff8088                _edata = .

.igot.plt       0x1fff8088        0x0 load address 0x00004780
 .igot.plt      0x1fff8088        0x0 ./utilities/fsl_debug_console.o

.bss            0x1fff8088     0x2a74 load address 0x00004780
                0x1fff8088                _bss = .
 *(.bss*)
 .bss.s_debugConsole
                0x1fff8088       0x10 ./utilities/fsl_debug_console.o
 .bss.ucHeap    0x1fff8098     0x2800 ./freertos/heap_4.o
 .bss.xStart    0x1fffa898        0x8 ./freertos/heap_4.o
 .bss.pxEnd     0x1fffa8a0        0x4 ./freertos/heap_4.o
 .bss.xFreeBytesRemaining
                0x1fffa8a4        0x4 ./freertos/heap_4.o
 .bss.xMinimumEverFreeBytesRemaining
                0x1fffa8a8        0x4 ./freertos/heap_4.o
 .bss.xBlockAllocatedBit
                0x1fffa8ac        0x4 ./freertos/heap_4.o
 .bss.xQueueRegistry
                0x1fffa8b0       0x40 ./freertos/queue.o
                0x1fffa8b0                xQueueRegistry
 .bss.pxCurrentTCB
                0x1fffa8f0        0x4 ./freertos/tasks.o
                0x1fffa8f0                pxCurrentTCB
 .bss.pxReadyTasksLists
                0x1fffa8f4       0x64 ./freertos/tasks.o
 .bss.xDelayedTaskList1
                0x1fffa958       0x14 ./freertos/tasks.o
 .bss.xDelayedTaskList2
                0x1fffa96c       0x14 ./freertos/tasks.o
 .bss.pxDelayedTaskList
                0x1fffa980        0x4 ./freertos/tasks.o
 .bss.pxOverflowDelayedTaskList
                0x1fffa984        0x4 ./freertos/tasks.o
 .bss.xPendingReadyList
                0x1fffa988       0x14 ./freertos/tasks.o
 .bss.xTasksWaitingTermination
                0x1fffa99c       0x14 ./freertos/tasks.o
 .bss.uxDeletedTasksWaitingCleanUp
                0x1fffa9b0        0x4 ./freertos/tasks.o
 .bss.xSuspendedTaskList
                0x1fffa9b4       0x14 ./freertos/tasks.o
 .bss.uxCurrentNumberOfTasks
                0x1fffa9c8        0x4 ./freertos/tasks.o
 .bss.xTickCount
                0x1fffa9cc        0x4 ./freertos/tasks.o
 .bss.uxTopReadyPriority
                0x1fffa9d0        0x4 ./freertos/tasks.o
 .bss.xSchedulerRunning
                0x1fffa9d4        0x4 ./freertos/tasks.o
 .bss.uxPendedTicks
                0x1fffa9d8        0x4 ./freertos/tasks.o
 .bss.xYieldPending
                0x1fffa9dc        0x4 ./freertos/tasks.o
 .bss.xNumOfOverflows
                0x1fffa9e0        0x4 ./freertos/tasks.o
 .bss.uxTaskNumber
                0x1fffa9e4        0x4 ./freertos/tasks.o
 .bss.xNextTaskUnblockTime
                0x1fffa9e8        0x4 ./freertos/tasks.o
 .bss.xIdleTaskHandle
                0x1fffa9ec        0x4 ./freertos/tasks.o
 .bss.uxSchedulerSuspended
                0x1fffa9f0        0x4 ./freertos/tasks.o
 .bss.xActiveTimerList1
                0x1fffa9f4       0x14 ./freertos/timers.o
 .bss.xActiveTimerList2
                0x1fffaa08       0x14 ./freertos/timers.o
 .bss.pxCurrentTimerList
                0x1fffaa1c        0x4 ./freertos/timers.o
 .bss.pxOverflowTimerList
                0x1fffaa20        0x4 ./freertos/timers.o
 .bss.xTimerQueue
                0x1fffaa24        0x4 ./freertos/timers.o
 .bss.xTimerTaskHandle
                0x1fffaa28        0x4 ./freertos/timers.o
 .bss.xLastTime.4598
                0x1fffaa2c        0x4 ./freertos/timers.o
 .bss.g_xtal0Freq
                0x1fffaa30        0x4 ./drivers/fsl_clock.o
                0x1fffaa30                g_xtal0Freq
 .bss.s_lpuartHandle
                0x1fffaa34        0x4 ./drivers/fsl_lpuart.o
 .bss.s_lpuartIsr
                0x1fffaa38        0x4 ./drivers/fsl_lpuart.o
 .bss.__Ciob    0x1fffaa3c       0xb4 c:/nxp/mcuxpressoide_10.0.2_411/ide/tools/bin/../lib/gcc/arm-none-eabi/5.4.1/../../../../arm-none-eabi/lib/armv6-m\libcr_semihost_nf.a(__ciob.o)
                0x1fffaa3c                __Ciob
 .bss.__heaps   0x1fffaaf0        0x4 c:/nxp/mcuxpressoide_10.0.2_411/ide/tools/bin/../lib/gcc/arm-none-eabi/5.4.1/../../../../arm-none-eabi/lib/armv6-m\libcr_c.a(__init_alloc.o)
                0x1fffaaf0                __heaps
 .bss.__end_of_heap
                0x1fffaaf4        0x4 c:/nxp/mcuxpressoide_10.0.2_411/ide/tools/bin/../lib/gcc/arm-none-eabi/5.4.1/../../../../arm-none-eabi/lib/armv6-m\libcr_c.a(__init_alloc.o)
                0x1fffaaf4                __end_of_heap
 .bss.errno     0x1fffaaf8        0x4 c:/nxp/mcuxpressoide_10.0.2_411/ide/tools/bin/../lib/gcc/arm-none-eabi/5.4.1/../../../../arm-none-eabi/lib/armv6-m\libcr_c.a(errno.o)
                0x1fffaaf8                errno
 *(COMMON)
                0x1fffaafc                . = ALIGN (0x4)
                0x1fffaafc                _ebss = .
                [!provide]                PROVIDE (end, .)

.noinit         0x1fffaafc        0x0 load address 0x00004780
                0x1fffaafc                _noinit = .
 *(.noinit*)
                0x1fffaafc                . = ALIGN (0x4)
                0x1fffaafc                _end_noinit = .

.heap           0x1fffaafc     0x1000 load address 0x00004780
                0x1fffaafc                _pvHeapStart = .
                0x1fffbafc                . = (. + 0x1000)
 *fill*         0x1fffaafc     0x1000 
                0x1fffbafc                . = ALIGN (0x4)
                0x1fffbafc                _pvHeapLimit = .

.heap2stackfill
                0x1fffbafc     0x1000 load address 0x00004780
                0x1fffcafc                . = (. + 0x1000)
 *fill*         0x1fffbafc     0x1000 

.stack          0x20017000        0x0
                0x20017000                _vStackBase = .
                0x20017000                . = ALIGN (0x4)
                0x20018000                _vStackTop = (. + 0x1000)
OUTPUT(Lab01_Xpresso.axf elf32-littlearm)

.debug_info     0x00000000     0x8406
 .debug_info    0x00000000      0x5ee ./utilities/fsl_debug_console.o
 .debug_info    0x000005ee      0x49f ./startup/startup_mkw41z4.o
 .debug_info    0x00000a8d      0x239 ./source/Lab01_Xpresso.o
 .debug_info    0x00000cc6       0x51 ./source/mtb.o
 .debug_info    0x00000d17       0xb7 ./freertos/fsl_tickless_lptmr.o
 .debug_info    0x00000dce      0x2e4 ./freertos/heap_4.o
 .debug_info    0x000010b2      0x296 ./freertos/list.o
 .debug_info    0x00001348      0x229 ./freertos/port.o
 .debug_info    0x00001571      0xe02 ./freertos/queue.o
 .debug_info    0x00002373     0x173c ./freertos/tasks.o
 .debug_info    0x00003aaf      0xac4 ./freertos/timers.o
 .debug_info    0x00004573      0x334 ./frdmkw41z/board.o
 .debug_info    0x000048a7      0xb29 ./frdmkw41z/clock_config.o
 .debug_info    0x000053d0      0x55c ./frdmkw41z/pin_mux.o
 .debug_info    0x0000592c     0x131f ./drivers/fsl_clock.o
 .debug_info    0x00006c4b     0x1418 ./drivers/fsl_lpuart.o
 .debug_info    0x00008063      0x3a3 ./CMSIS/system_MKW41Z4.o

.debug_abbrev   0x00000000     0x1897
 .debug_abbrev  0x00000000      0x1a1 ./utilities/fsl_debug_console.o
 .debug_abbrev  0x000001a1      0x131 ./startup/startup_mkw41z4.o
 .debug_abbrev  0x000002d2      0x114 ./source/Lab01_Xpresso.o
 .debug_abbrev  0x000003e6       0x41 ./source/mtb.o
 .debug_abbrev  0x00000427       0x63 ./freertos/fsl_tickless_lptmr.o
 .debug_abbrev  0x0000048a      0x15b ./freertos/heap_4.o
 .debug_abbrev  0x000005e5       0xc1 ./freertos/list.o
 .debug_abbrev  0x000006a6      0x160 ./freertos/port.o
 .debug_abbrev  0x00000806      0x1a6 ./freertos/queue.o
 .debug_abbrev  0x000009ac      0x247 ./freertos/tasks.o
 .debug_abbrev  0x00000bf3      0x1ac ./freertos/timers.o
 .debug_abbrev  0x00000d9f      0x109 ./frdmkw41z/board.o
 .debug_abbrev  0x00000ea8      0x1f3 ./frdmkw41z/clock_config.o
 .debug_abbrev  0x0000109b      0x162 ./frdmkw41z/pin_mux.o
 .debug_abbrev  0x000011fd      0x30a ./drivers/fsl_clock.o
 .debug_abbrev  0x00001507      0x287 ./drivers/fsl_lpuart.o
 .debug_abbrev  0x0000178e      0x109 ./CMSIS/system_MKW41Z4.o

.debug_aranges  0x00000000      0xa60
 .debug_aranges
                0x00000000       0x38 ./utilities/fsl_debug_console.o
 .debug_aranges
                0x00000038      0x160 ./startup/startup_mkw41z4.o
 .debug_aranges
                0x00000198       0x48 ./source/Lab01_Xpresso.o
 .debug_aranges
                0x000001e0       0x18 ./source/mtb.o
 .debug_aranges
                0x000001f8       0x20 ./freertos/fsl_tickless_lptmr.o
 .debug_aranges
                0x00000218       0x50 ./freertos/heap_4.o
 .debug_aranges
                0x00000268       0x40 ./freertos/list.o
 .debug_aranges
                0x000002a8       0x80 ./freertos/port.o
 .debug_aranges
                0x00000328      0x118 ./freertos/queue.o
 .debug_aranges
                0x00000440      0x1e8 ./freertos/tasks.o
 .debug_aranges
                0x00000628       0xc8 ./freertos/timers.o
 .debug_aranges
                0x000006f0       0x28 ./frdmkw41z/board.o
 .debug_aranges
                0x00000718       0x68 ./frdmkw41z/clock_config.o
 .debug_aranges
                0x00000780       0x38 ./frdmkw41z/pin_mux.o
 .debug_aranges
                0x000007b8      0x168 ./drivers/fsl_clock.o
 .debug_aranges
                0x00000920      0x118 ./drivers/fsl_lpuart.o
 .debug_aranges
                0x00000a38       0x28 ./CMSIS/system_MKW41Z4.o

.debug_ranges   0x00000000      0x948
 .debug_ranges  0x00000000       0x28 ./utilities/fsl_debug_console.o
 .debug_ranges  0x00000028      0x150 ./startup/startup_mkw41z4.o
 .debug_ranges  0x00000178       0x38 ./source/Lab01_Xpresso.o
 .debug_ranges  0x000001b0       0x10 ./freertos/fsl_tickless_lptmr.o
 .debug_ranges  0x000001c0       0x40 ./freertos/heap_4.o
 .debug_ranges  0x00000200       0x30 ./freertos/list.o
 .debug_ranges  0x00000230       0x70 ./freertos/port.o
 .debug_ranges  0x000002a0      0x108 ./freertos/queue.o
 .debug_ranges  0x000003a8      0x1d8 ./freertos/tasks.o
 .debug_ranges  0x00000580       0xb8 ./freertos/timers.o
 .debug_ranges  0x00000638       0x18 ./frdmkw41z/board.o
 .debug_ranges  0x00000650       0x58 ./frdmkw41z/clock_config.o
 .debug_ranges  0x000006a8       0x28 ./frdmkw41z/pin_mux.o
 .debug_ranges  0x000006d0      0x158 ./drivers/fsl_clock.o
 .debug_ranges  0x00000828      0x108 ./drivers/fsl_lpuart.o
 .debug_ranges  0x00000930       0x18 ./CMSIS/system_MKW41Z4.o

.debug_macro    0x00000000    0x129e5
 .debug_macro   0x00000000      0x131 ./utilities/fsl_debug_console.o
 .debug_macro   0x00000131      0x85c ./utilities/fsl_debug_console.o
 .debug_macro   0x0000098d       0x10 ./utilities/fsl_debug_console.o
 .debug_macro   0x0000099d       0x16 ./utilities/fsl_debug_console.o
 .debug_macro   0x000009b3       0x10 ./utilities/fsl_debug_console.o
 .debug_macro   0x000009c3      0x12d ./utilities/fsl_debug_console.o
 .debug_macro   0x00000af0       0x28 ./utilities/fsl_debug_console.o
 .debug_macro   0x00000b18       0xc4 ./utilities/fsl_debug_console.o
 .debug_macro   0x00000bdc       0x16 ./utilities/fsl_debug_console.o
 .debug_macro   0x00000bf2       0x22 ./utilities/fsl_debug_console.o
 .debug_macro   0x00000c14      0x5b2 ./utilities/fsl_debug_console.o
 .debug_macro   0x000011c6       0x10 ./utilities/fsl_debug_console.o
 .debug_macro   0x000011d6       0x3f ./utilities/fsl_debug_console.o
 .debug_macro   0x00001215       0x3a ./utilities/fsl_debug_console.o
 .debug_macro   0x0000124f       0x26 ./utilities/fsl_debug_console.o
 .debug_macro   0x00001275      0x329 ./utilities/fsl_debug_console.o
 .debug_macro   0x0000159e       0x3a ./utilities/fsl_debug_console.o
 .debug_macro   0x000015d8     0xe3a7 ./utilities/fsl_debug_console.o
 .debug_macro   0x0000f97f     0x1340 ./utilities/fsl_debug_console.o
 .debug_macro   0x00010cbf       0x3a ./utilities/fsl_debug_console.o
 .debug_macro   0x00010cf9       0xfd ./utilities/fsl_debug_console.o
 .debug_macro   0x00010df6       0x35 ./utilities/fsl_debug_console.o
 .debug_macro   0x00010e2b       0xd2 ./utilities/fsl_debug_console.o
 .debug_macro   0x00010efd       0x34 ./utilities/fsl_debug_console.o
 .debug_macro   0x00010f31       0x10 ./utilities/fsl_debug_console.o
 .debug_macro   0x00010f41       0x29 ./startup/startup_mkw41z4.o
 .debug_macro   0x00010f6a      0x1a5 ./source/Lab01_Xpresso.o
 .debug_macro   0x0001110f       0x16 ./source/Lab01_Xpresso.o
 .debug_macro   0x00011125      0x18b ./source/Lab01_Xpresso.o
 .debug_macro   0x000112b0      0x168 ./source/Lab01_Xpresso.o
 .debug_macro   0x00011418       0xb6 ./source/Lab01_Xpresso.o
 .debug_macro   0x000114ce       0x10 ./source/Lab01_Xpresso.o
 .debug_macro   0x000114de       0x1f ./source/Lab01_Xpresso.o
 .debug_macro   0x000114fd      0x361 ./source/Lab01_Xpresso.o
 .debug_macro   0x0001185e       0xc0 ./source/Lab01_Xpresso.o
 .debug_macro   0x0001191e       0x8c ./source/Lab01_Xpresso.o
 .debug_macro   0x000119aa       0x16 ./source/Lab01_Xpresso.o
 .debug_macro   0x000119c0       0x10 ./source/Lab01_Xpresso.o
 .debug_macro   0x000119d0       0xfa ./source/Lab01_Xpresso.o
 .debug_macro   0x00011aca       0x2f ./source/mtb.o
 .debug_macro   0x00011af9       0x82 ./source/mtb.o
 .debug_macro   0x00011b7b       0x10 ./source/mtb.o
 .debug_macro   0x00011b8b       0xbd ./freertos/fsl_tickless_lptmr.o
 .debug_macro   0x00011c48       0x8e ./freertos/fsl_tickless_lptmr.o
 .debug_macro   0x00011cd6       0xe0 ./freertos/heap_4.o
 .debug_macro   0x00011db6       0xb9 ./freertos/list.o
 .debug_macro   0x00011e6f       0xcf ./freertos/port.o
 .debug_macro   0x00011f3e      0x122 ./freertos/queue.o
 .debug_macro   0x00012060       0x94 ./freertos/queue.o
 .debug_macro   0x000120f4      0x182 ./freertos/tasks.o
 .debug_macro   0x00012276       0x11 ./freertos/tasks.o
 .debug_macro   0x00012287       0xec ./freertos/timers.o
 .debug_macro   0x00012373      0x125 ./frdmkw41z/board.o
 .debug_macro   0x00012498       0xee ./frdmkw41z/clock_config.o
 .debug_macro   0x00012586       0x1c ./frdmkw41z/clock_config.o
 .debug_macro   0x000125a2       0x10 ./frdmkw41z/clock_config.o
 .debug_macro   0x000125b2      0x101 ./frdmkw41z/pin_mux.o
 .debug_macro   0x000126b3       0x10 ./frdmkw41z/pin_mux.o
 .debug_macro   0x000126c3      0x1a2 ./drivers/fsl_clock.o
 .debug_macro   0x00012865       0xec ./drivers/fsl_lpuart.o
 .debug_macro   0x00012951       0x94 ./CMSIS/system_MKW41Z4.o

.debug_line     0x00000000     0x46e3
 .debug_line    0x00000000      0x336 ./utilities/fsl_debug_console.o
 .debug_line    0x00000336      0x128 ./startup/startup_mkw41z4.o
 .debug_line    0x0000045e      0x4ee ./source/Lab01_Xpresso.o
 .debug_line    0x0000094c       0x95 ./source/mtb.o
 .debug_line    0x000009e1      0x1c4 ./freertos/fsl_tickless_lptmr.o
 .debug_line    0x00000ba5      0x2b8 ./freertos/heap_4.o
 .debug_line    0x00000e5d      0x20e ./freertos/list.o
 .debug_line    0x0000106b      0x2c5 ./freertos/port.o
 .debug_line    0x00001330      0x7d5 ./freertos/queue.o
 .debug_line    0x00001b05      0xcd6 ./freertos/tasks.o
 .debug_line    0x000027db      0x492 ./freertos/timers.o
 .debug_line    0x00002c6d      0x32c ./frdmkw41z/board.o
 .debug_line    0x00002f99      0x385 ./frdmkw41z/clock_config.o
 .debug_line    0x0000331e      0x2d6 ./frdmkw41z/pin_mux.o
 .debug_line    0x000035f4      0x79d ./drivers/fsl_clock.o
 .debug_line    0x00003d91      0x763 ./drivers/fsl_lpuart.o
 .debug_line    0x000044f4      0x1ef ./CMSIS/system_MKW41Z4.o

.debug_str      0x00000000    0xa6537
 .debug_str     0x00000000    0x9bd68 ./utilities/fsl_debug_console.o
                              0x9bfad (size before relaxing)
 .debug_str     0x0009bd68      0x3c9 ./startup/startup_mkw41z4.o
                               0x282c (size before relaxing)
 .debug_str     0x0009c131     0x3caf ./source/Lab01_Xpresso.o
                              0x9ee76 (size before relaxing)
 .debug_str     0x0009fde0      0x532 ./source/mtb.o
                               0x293a (size before relaxing)
 .debug_str     0x000a0312      0x44c ./freertos/fsl_tickless_lptmr.o
                               0x727a (size before relaxing)
 .debug_str     0x000a075e      0x27e ./freertos/heap_4.o
                               0x7115 (size before relaxing)
 .debug_str     0x000a09dc      0x12a ./freertos/list.o
                               0x6a32 (size before relaxing)
 .debug_str     0x000a0b06      0x188 ./freertos/port.o
                               0x7411 (size before relaxing)
 .debug_str     0x000a0c8e      0xf60 ./freertos/queue.o
                               0x7f8e (size before relaxing)
 .debug_str     0x000a1bee     0x1ac0 ./freertos/tasks.o
                               0x8bff (size before relaxing)
 .debug_str     0x000a36ae      0x4c6 ./freertos/timers.o
                               0x84d9 (size before relaxing)
 .debug_str     0x000a3b74      0x114 ./frdmkw41z/board.o
                              0x9bbb6 (size before relaxing)
 .debug_str     0x000a3c88      0x7a2 ./frdmkw41z/clock_config.o
                              0x9b6f9 (size before relaxing)
 .debug_str     0x000a442a      0x3c3 ./frdmkw41z/pin_mux.o
                              0x9b2be (size before relaxing)
 .debug_str     0x000a47ed     0x10c0 ./drivers/fsl_clock.o
                              0x9c6ed (size before relaxing)
 .debug_str     0x000a58ad      0xc3b ./drivers/fsl_lpuart.o
                              0x9c382 (size before relaxing)
 .debug_str     0x000a64e8       0x4f ./CMSIS/system_MKW41Z4.o
                              0x9a57d (size before relaxing)

.comment        0x00000000       0x6e
 .comment       0x00000000       0x6e ./utilities/fsl_debug_console.o
                                 0x6f (size before relaxing)
 .comment       0x0000006e       0x6f ./startup/startup_mkw41z4.o
 .comment       0x0000006e       0x6f ./source/Lab01_Xpresso.o
 .comment       0x0000006e       0x6f ./source/mtb.o
 .comment       0x0000006e       0x6f ./freertos/fsl_tickless_lptmr.o
 .comment       0x0000006e       0x6f ./freertos/heap_4.o
 .comment       0x0000006e       0x6f ./freertos/list.o
 .comment       0x0000006e       0x6f ./freertos/port.o
 .comment       0x0000006e       0x6f ./freertos/queue.o
 .comment       0x0000006e       0x6f ./freertos/tasks.o
 .comment       0x0000006e       0x6f ./freertos/timers.o
 .comment       0x0000006e       0x6f ./frdmkw41z/board.o
 .comment       0x0000006e       0x6f ./frdmkw41z/clock_config.o
 .comment       0x0000006e       0x6f ./frdmkw41z/pin_mux.o
 .comment       0x0000006e       0x6f ./drivers/fsl_clock.o
 .comment       0x0000006e       0x6f ./drivers/fsl_lpuart.o
 .comment       0x0000006e       0x6f ./CMSIS/system_MKW41Z4.o
 .comment       0x0000006e       0x6f c:/nxp/mcuxpressoide_10.0.2_411/ide/tools/bin/../lib/gcc/arm-none-eabi/5.4.1/../../../../arm-none-eabi/lib/armv6-m\libcr_semihost_nf.a(_cr__main.o)
 .comment       0x0000006e       0x6f c:/nxp/mcuxpressoide_10.0.2_411/ide/tools/bin/../lib/gcc/arm-none-eabi/5.4.1/../../../../arm-none-eabi/lib/armv6-m\libcr_semihost_nf.a(_cr_assert.o)
 .comment       0x0000006e       0x6f c:/nxp/mcuxpressoide_10.0.2_411/ide/tools/bin/../lib/gcc/arm-none-eabi/5.4.1/../../../../arm-none-eabi/lib/armv6-m\libcr_semihost_nf.a(__ciob.o)
 .comment       0x0000006e       0x6f c:/nxp/mcuxpressoide_10.0.2_411/ide/tools/bin/../lib/gcc/arm-none-eabi/5.4.1/../../../../arm-none-eabi/lib/armv6-m\libcr_c.a(memcpy.o)
 .comment       0x0000006e       0x6f c:/nxp/mcuxpressoide_10.0.2_411/ide/tools/bin/../lib/gcc/arm-none-eabi/5.4.1/../../../../arm-none-eabi/lib/armv6-m\libcr_c.a(memset.o)
 .comment       0x0000006e       0x6f c:/nxp/mcuxpressoide_10.0.2_411/ide/tools/bin/../lib/gcc/arm-none-eabi/5.4.1/../../../../arm-none-eabi/lib/armv6-m\libcr_c.a(_deferredlazyseek.o)
 .comment       0x0000006e       0x6f c:/nxp/mcuxpressoide_10.0.2_411/ide/tools/bin/../lib/gcc/arm-none-eabi/5.4.1/../../../../arm-none-eabi/lib/armv6-m\libcr_c.a(_fflush.o)
 .comment       0x0000006e       0x6f c:/nxp/mcuxpressoide_10.0.2_411/ide/tools/bin/../lib/gcc/arm-none-eabi/5.4.1/../../../../arm-none-eabi/lib/armv6-m\libcr_c.a(_writebuf.o)
 .comment       0x0000006e       0x6f c:/nxp/mcuxpressoide_10.0.2_411/ide/tools/bin/../lib/gcc/arm-none-eabi/5.4.1/../../../../arm-none-eabi/lib/armv6-m\libcr_c.a(alloc.o)
 .comment       0x0000006e       0x6f c:/nxp/mcuxpressoide_10.0.2_411/ide/tools/bin/../lib/gcc/arm-none-eabi/5.4.1/../../../../arm-none-eabi/lib/armv6-m\libcr_c.a(fputs.o)
 .comment       0x0000006e       0x6f c:/nxp/mcuxpressoide_10.0.2_411/ide/tools/bin/../lib/gcc/arm-none-eabi/5.4.1/../../../../arm-none-eabi/lib/armv6-m\libcr_c.a(fseek.o)
 .comment       0x0000006e       0x6f c:/nxp/mcuxpressoide_10.0.2_411/ide/tools/bin/../lib/gcc/arm-none-eabi/5.4.1/../../../../arm-none-eabi/lib/armv6-m\libcr_c.a(ftell.o)
 .comment       0x0000006e       0x6f c:/nxp/mcuxpressoide_10.0.2_411/ide/tools/bin/../lib/gcc/arm-none-eabi/5.4.1/../../../../arm-none-eabi/lib/armv6-m\libcr_c.a(initio.o)
 .comment       0x0000006e       0x6f c:/nxp/mcuxpressoide_10.0.2_411/ide/tools/bin/../lib/gcc/arm-none-eabi/5.4.1/../../../../arm-none-eabi/lib/armv6-m\libcr_c.a(setvbuf.o)
 .comment       0x0000006e       0x6f c:/nxp/mcuxpressoide_10.0.2_411/ide/tools/bin/../lib/gcc/arm-none-eabi/5.4.1/../../../../arm-none-eabi/lib/armv6-m\libcr_c.a(__init_alloc.o)
 .comment       0x0000006e       0x6f c:/nxp/mcuxpressoide_10.0.2_411/ide/tools/bin/../lib/gcc/arm-none-eabi/5.4.1/../../../../arm-none-eabi/lib/armv6-m\libcr_c.a(_cr_sbrk.o)
 .comment       0x0000006e       0x6f c:/nxp/mcuxpressoide_10.0.2_411/ide/tools/bin/../lib/gcc/arm-none-eabi/5.4.1/../../../../arm-none-eabi/lib/armv6-m\libcr_c.a(_fdopen.o)
 .comment       0x0000006e       0x6f c:/nxp/mcuxpressoide_10.0.2_411/ide/tools/bin/../lib/gcc/arm-none-eabi/5.4.1/../../../../arm-none-eabi/lib/armv6-m\libcr_c.a(errno.o)
 .comment       0x0000006e       0x6f c:/nxp/mcuxpressoide_10.0.2_411/ide/tools/bin/../lib/gcc/arm-none-eabi/5.4.1/../../../../arm-none-eabi/lib/armv6-m\libcr_c.a(fclose.o)
 .comment       0x0000006e       0x6f c:/nxp/mcuxpressoide_10.0.2_411/ide/tools/bin/../lib/gcc/arm-none-eabi/5.4.1/../../../../arm-none-eabi/lib/armv6-m\libcr_c.a(fflush.o)
 .comment       0x0000006e       0x6f c:/nxp/mcuxpressoide_10.0.2_411/ide/tools/bin/../lib/gcc/arm-none-eabi/5.4.1/../../../../arm-none-eabi/lib/armv6-m\libcr_c.a(remove.o)
 .comment       0x0000006e       0x6f c:/nxp/mcuxpressoide_10.0.2_411/ide/tools/bin/../lib/gcc/arm-none-eabi/5.4.1/../../../../arm-none-eabi/lib/armv6-m\libcr_c.a(strlen.o)
 .comment       0x0000006e       0x6f c:/nxp/mcuxpressoide_10.0.2_411/ide/tools/bin/../lib/gcc/arm-none-eabi/5.4.1/../../../../arm-none-eabi/lib/armv6-m\libcr_c.a(_cr_check_heap.o)
 .comment       0x0000006e       0x6f c:/nxp/mcuxpressoide_10.0.2_411/ide/tools/bin/../lib/gcc/arm-none-eabi/5.4.1/../../../../arm-none-eabi/lib/armv6-m\libcr_c.a(_do_fflush.o)
 .comment       0x0000006e       0x6f c:/nxp/mcuxpressoide_10.0.2_411/ide/tools/bin/../lib/gcc/arm-none-eabi/5.4.1/armv6-m\libcr_eabihelpers.a(float.o)

.ARM.attributes
                0x00000000       0x30
 .ARM.attributes
                0x00000000       0x32 ./utilities/fsl_debug_console.o
 .ARM.attributes
                0x00000032       0x32 ./startup/startup_mkw41z4.o
 .ARM.attributes
                0x00000064       0x32 ./source/Lab01_Xpresso.o
 .ARM.attributes
                0x00000096       0x32 ./source/mtb.o
 .ARM.attributes
                0x000000c8       0x32 ./freertos/fsl_tickless_lptmr.o
 .ARM.attributes
                0x000000fa       0x32 ./freertos/heap_4.o
 .ARM.attributes
                0x0000012c       0x32 ./freertos/list.o
 .ARM.attributes
                0x0000015e       0x32 ./freertos/port.o
 .ARM.attributes
                0x00000190       0x32 ./freertos/queue.o
 .ARM.attributes
                0x000001c2       0x32 ./freertos/tasks.o
 .ARM.attributes
                0x000001f4       0x32 ./freertos/timers.o
 .ARM.attributes
                0x00000226       0x32 ./frdmkw41z/board.o
 .ARM.attributes
                0x00000258       0x32 ./frdmkw41z/clock_config.o
 .ARM.attributes
                0x0000028a       0x32 ./frdmkw41z/pin_mux.o
 .ARM.attributes
                0x000002bc       0x32 ./drivers/fsl_clock.o
 .ARM.attributes
                0x000002ee       0x32 ./drivers/fsl_lpuart.o
 .ARM.attributes
                0x00000320       0x32 ./CMSIS/system_MKW41Z4.o
 .ARM.attributes
                0x00000352       0x31 c:/nxp/mcuxpressoide_10.0.2_411/ide/tools/bin/../lib/gcc/arm-none-eabi/5.4.1/../../../../arm-none-eabi/lib/armv6-m\libcr_semihost_nf.a(_cr__main.o)
 .ARM.attributes
                0x00000383       0x31 c:/nxp/mcuxpressoide_10.0.2_411/ide/tools/bin/../lib/gcc/arm-none-eabi/5.4.1/../../../../arm-none-eabi/lib/armv6-m\libcr_semihost_nf.a(_cr_assert.o)
 .ARM.attributes
                0x000003b4       0x31 c:/nxp/mcuxpressoide_10.0.2_411/ide/tools/bin/../lib/gcc/arm-none-eabi/5.4.1/../../../../arm-none-eabi/lib/armv6-m\libcr_semihost_nf.a(__ciob.o)
 .ARM.attributes
                0x000003e5       0x21 c:/nxp/mcuxpressoide_10.0.2_411/ide/tools/bin/../lib/gcc/arm-none-eabi/5.4.1/../../../../arm-none-eabi/lib/armv6-m\libcr_semihost_nf.a(__sys_appexit.o)
 .ARM.attributes
                0x00000406       0x31 c:/nxp/mcuxpressoide_10.0.2_411/ide/tools/bin/../lib/gcc/arm-none-eabi/5.4.1/../../../../arm-none-eabi/lib/armv6-m\libcr_c.a(memcpy.o)
 .ARM.attributes
                0x00000437       0x31 c:/nxp/mcuxpressoide_10.0.2_411/ide/tools/bin/../lib/gcc/arm-none-eabi/5.4.1/../../../../arm-none-eabi/lib/armv6-m\libcr_c.a(memset.o)
 .ARM.attributes
                0x00000468       0x31 c:/nxp/mcuxpressoide_10.0.2_411/ide/tools/bin/../lib/gcc/arm-none-eabi/5.4.1/../../../../arm-none-eabi/lib/armv6-m\libcr_c.a(_deferredlazyseek.o)
 .ARM.attributes
                0x00000499       0x31 c:/nxp/mcuxpressoide_10.0.2_411/ide/tools/bin/../lib/gcc/arm-none-eabi/5.4.1/../../../../arm-none-eabi/lib/armv6-m\libcr_c.a(_fflush.o)
 .ARM.attributes
                0x000004ca       0x31 c:/nxp/mcuxpressoide_10.0.2_411/ide/tools/bin/../lib/gcc/arm-none-eabi/5.4.1/../../../../arm-none-eabi/lib/armv6-m\libcr_c.a(_writebuf.o)
 .ARM.attributes
                0x000004fb       0x31 c:/nxp/mcuxpressoide_10.0.2_411/ide/tools/bin/../lib/gcc/arm-none-eabi/5.4.1/../../../../arm-none-eabi/lib/armv6-m\libcr_c.a(alloc.o)
 .ARM.attributes
                0x0000052c       0x31 c:/nxp/mcuxpressoide_10.0.2_411/ide/tools/bin/../lib/gcc/arm-none-eabi/5.4.1/../../../../arm-none-eabi/lib/armv6-m\libcr_c.a(fputs.o)
 .ARM.attributes
                0x0000055d       0x31 c:/nxp/mcuxpressoide_10.0.2_411/ide/tools/bin/../lib/gcc/arm-none-eabi/5.4.1/../../../../arm-none-eabi/lib/armv6-m\libcr_c.a(fseek.o)
 .ARM.attributes
                0x0000058e       0x31 c:/nxp/mcuxpressoide_10.0.2_411/ide/tools/bin/../lib/gcc/arm-none-eabi/5.4.1/../../../../arm-none-eabi/lib/armv6-m\libcr_c.a(ftell.o)
 .ARM.attributes
                0x000005bf       0x31 c:/nxp/mcuxpressoide_10.0.2_411/ide/tools/bin/../lib/gcc/arm-none-eabi/5.4.1/../../../../arm-none-eabi/lib/armv6-m\libcr_c.a(initio.o)
 .ARM.attributes
                0x000005f0       0x31 c:/nxp/mcuxpressoide_10.0.2_411/ide/tools/bin/../lib/gcc/arm-none-eabi/5.4.1/../../../../arm-none-eabi/lib/armv6-m\libcr_c.a(setvbuf.o)
 .ARM.attributes
                0x00000621       0x31 c:/nxp/mcuxpressoide_10.0.2_411/ide/tools/bin/../lib/gcc/arm-none-eabi/5.4.1/../../../../arm-none-eabi/lib/armv6-m\libcr_c.a(__init_alloc.o)
 .ARM.attributes
                0x00000652       0x31 c:/nxp/mcuxpressoide_10.0.2_411/ide/tools/bin/../lib/gcc/arm-none-eabi/5.4.1/../../../../arm-none-eabi/lib/armv6-m\libcr_c.a(_cr_sbrk.o)
 .ARM.attributes
                0x00000683       0x31 c:/nxp/mcuxpressoide_10.0.2_411/ide/tools/bin/../lib/gcc/arm-none-eabi/5.4.1/../../../../arm-none-eabi/lib/armv6-m\libcr_c.a(_fdopen.o)
 .ARM.attributes
                0x000006b4       0x31 c:/nxp/mcuxpressoide_10.0.2_411/ide/tools/bin/../lib/gcc/arm-none-eabi/5.4.1/../../../../arm-none-eabi/lib/armv6-m\libcr_c.a(errno.o)
 .ARM.attributes
                0x000006e5       0x31 c:/nxp/mcuxpressoide_10.0.2_411/ide/tools/bin/../lib/gcc/arm-none-eabi/5.4.1/../../../../arm-none-eabi/lib/armv6-m\libcr_c.a(fclose.o)
 .ARM.attributes
                0x00000716       0x31 c:/nxp/mcuxpressoide_10.0.2_411/ide/tools/bin/../lib/gcc/arm-none-eabi/5.4.1/../../../../arm-none-eabi/lib/armv6-m\libcr_c.a(fflush.o)
 .ARM.attributes
                0x00000747       0x31 c:/nxp/mcuxpressoide_10.0.2_411/ide/tools/bin/../lib/gcc/arm-none-eabi/5.4.1/../../../../arm-none-eabi/lib/armv6-m\libcr_c.a(remove.o)
 .ARM.attributes
                0x00000778       0x31 c:/nxp/mcuxpressoide_10.0.2_411/ide/tools/bin/../lib/gcc/arm-none-eabi/5.4.1/../../../../arm-none-eabi/lib/armv6-m\libcr_c.a(strlen.o)
 .ARM.attributes
                0x000007a9       0x31 c:/nxp/mcuxpressoide_10.0.2_411/ide/tools/bin/../lib/gcc/arm-none-eabi/5.4.1/../../../../arm-none-eabi/lib/armv6-m\libcr_c.a(_cr_check_heap.o)
 .ARM.attributes
                0x000007da       0x31 c:/nxp/mcuxpressoide_10.0.2_411/ide/tools/bin/../lib/gcc/arm-none-eabi/5.4.1/../../../../arm-none-eabi/lib/armv6-m\libcr_c.a(_do_fflush.o)
 .ARM.attributes
                0x0000080b       0x21 c:/nxp/mcuxpressoide_10.0.2_411/ide/tools/bin/../lib/gcc/arm-none-eabi/5.4.1/armv6-m\libcr_eabihelpers.a(division_32.o)
 .ARM.attributes
                0x0000082c       0x21 c:/nxp/mcuxpressoide_10.0.2_411/ide/tools/bin/../lib/gcc/arm-none-eabi/5.4.1/armv6-m\libcr_eabihelpers.a(division_idiv0.o)
 .ARM.attributes
                0x0000084d       0x31 c:/nxp/mcuxpressoide_10.0.2_411/ide/tools/bin/../lib/gcc/arm-none-eabi/5.4.1/armv6-m\libcr_eabihelpers.a(float.o)
 .ARM.attributes
                0x0000087e       0x21 c:/nxp/mcuxpressoide_10.0.2_411/ide/tools/bin/../lib/gcc/arm-none-eabi/5.4.1/armv6-m\libcr_eabihelpers.a(llong.o)
 .ARM.attributes
                0x0000089f       0x21 c:/nxp/mcuxpressoide_10.0.2_411/ide/tools/bin/../lib/gcc/arm-none-eabi/5.4.1/armv6-m\libcr_eabihelpers.a(memcpy.o)
 .ARM.attributes
                0x000008c0       0x21 c:/nxp/mcuxpressoide_10.0.2_411/ide/tools/bin/../lib/gcc/arm-none-eabi/5.4.1/../../../../arm-none-eabi/lib/armv6-m\libcr_semihost_nf.a(__sys_close.o)
 .ARM.attributes
                0x000008e1       0x21 c:/nxp/mcuxpressoide_10.0.2_411/ide/tools/bin/../lib/gcc/arm-none-eabi/5.4.1/../../../../arm-none-eabi/lib/armv6-m\libcr_semihost_nf.a(__sys_flen.o)
 .ARM.attributes
                0x00000902       0x21 c:/nxp/mcuxpressoide_10.0.2_411/ide/tools/bin/../lib/gcc/arm-none-eabi/5.4.1/../../../../arm-none-eabi/lib/armv6-m\libcr_semihost_nf.a(__sys_istty.o)
 .ARM.attributes
                0x00000923       0x21 c:/nxp/mcuxpressoide_10.0.2_411/ide/tools/bin/../lib/gcc/arm-none-eabi/5.4.1/../../../../arm-none-eabi/lib/armv6-m\libcr_semihost_nf.a(__sys_remove.o)
 .ARM.attributes
                0x00000944       0x21 c:/nxp/mcuxpressoide_10.0.2_411/ide/tools/bin/../lib/gcc/arm-none-eabi/5.4.1/../../../../arm-none-eabi/lib/armv6-m\libcr_semihost_nf.a(__sys_seek.o)
 .ARM.attributes
                0x00000965       0x21 c:/nxp/mcuxpressoide_10.0.2_411/ide/tools/bin/../lib/gcc/arm-none-eabi/5.4.1/../../../../arm-none-eabi/lib/armv6-m\libcr_semihost_nf.a(__sys_tmpnam.o)
 .ARM.attributes
                0x00000986       0x21 c:/nxp/mcuxpressoide_10.0.2_411/ide/tools/bin/../lib/gcc/arm-none-eabi/5.4.1/../../../../arm-none-eabi/lib/armv6-m\libcr_semihost_nf.a(__sys_write.o)

.debug_frame    0x00000000     0x21d4
 .debug_frame   0x00000000       0x8c ./utilities/fsl_debug_console.o
 .debug_frame   0x0000008c      0x3b0 ./startup/startup_mkw41z4.o
 .debug_frame   0x0000043c       0xcc ./source/Lab01_Xpresso.o
 .debug_frame   0x00000508       0x30 ./freertos/fsl_tickless_lptmr.o
 .debug_frame   0x00000538       0xe4 ./freertos/heap_4.o
 .debug_frame   0x0000061c       0xb0 ./freertos/list.o
 .debug_frame   0x000006cc      0x154 ./freertos/port.o
 .debug_frame   0x00000820      0x410 ./freertos/queue.o
 .debug_frame   0x00000c30      0x73c ./freertos/tasks.o
 .debug_frame   0x0000136c      0x2c8 ./freertos/timers.o
 .debug_frame   0x00001634       0x50 ./frdmkw41z/board.o
 .debug_frame   0x00001684      0x148 ./frdmkw41z/clock_config.o
 .debug_frame   0x000017cc       0x88 ./frdmkw41z/pin_mux.o
 .debug_frame   0x00001854      0x528 ./drivers/fsl_clock.o
 .debug_frame   0x00001d7c      0x40c ./drivers/fsl_lpuart.o
 .debug_frame   0x00002188       0x4c ./CMSIS/system_MKW41Z4.o
