Archive member included to satisfy reference by file (symbol)

libs\libcr_semihost_nf.a(_cr__main.o)
                              startup_mkw41z4.o (__main)
libs\libcr_semihost_nf.a(_cr_assert.o)
                              fsl_clock.o (__assertion_failed)
libs\libcr_semihost_nf.a(__ciob.o)
                              libs\libcr_semihost_nf.a(_cr_assert.o) (__Ciob)
libs\libcr_semihost_nf.a(__sys_appexit.o)
                              libs\libcr_semihost_nf.a(_cr_assert.o) (__sys_appexit)
libs\libcr_c.a(memcpy.o)      fsl_flash.o (memcpy)
libs\libcr_c.a(memset.o)      clock_config.o (memset)
libs\libcr_c.a(_deferredlazyseek.o)
                              libs\libcr_semihost_nf.a(_cr_assert.o) (__flsbuf)
libs\libcr_c.a(_fflush.o)     libs\libcr_c.a(_deferredlazyseek.o) (_fflush)
libs\libcr_c.a(_writebuf.o)   libs\libcr_c.a(_deferredlazyseek.o) (_Cwritebuf)
libs\libcr_c.a(alloc.o)       libs\libcr_c.a(_deferredlazyseek.o) (_Csys_alloc)
libs\libcr_c.a(fputs.o)       libs\libcr_semihost_nf.a(_cr_assert.o) (fputs)
libs\libcr_c.a(fseek.o)       libs\libcr_c.a(_deferredlazyseek.o) (fseek)
libs\libcr_c.a(ftell.o)       libs\libcr_c.a(fseek.o) (ftell)
libs\libcr_c.a(initio.o)      libs\libcr_semihost_nf.a(_cr__main.o) (_initio)
libs\libcr_c.a(setvbuf.o)     libs\libcr_c.a(initio.o) (setvbuf)
libs\libcr_c.a(__init_alloc.o)
                              libs\libcr_c.a(alloc.o) (__heaps)
libs\libcr_c.a(_cr_sbrk.o)    libs\libcr_c.a(alloc.o) (_sbrk)
libs\libcr_c.a(_fdopen.o)     libs\libcr_c.a(initio.o) (_fdopen)
libs\libcr_c.a(errno.o)       libs\libcr_c.a(ftell.o) (errno)
libs\libcr_c.a(fclose.o)      libs\libcr_c.a(initio.o) (fclose)
libs\libcr_c.a(fflush.o)      libs\libcr_c.a(fclose.o) (fflush)
libs\libcr_c.a(remove.o)      libs\libcr_c.a(fclose.o) (remove)
libs\libcr_c.a(strlen.o)      libs\libcr_c.a(remove.o) (strlen)
libs\libcr_c.a(_cr_check_heap.o)
                              libs\libcr_c.a(_cr_sbrk.o) (__check_heap_overflow)
libs\libcr_c.a(_do_fflush.o)  libs\libcr_c.a(fflush.o) (_do_fflush)
libs\libcr_eabihelpers.a(division_32.o)
                              fsl_clock.o (__aeabi_uidiv)
libs\libcr_eabihelpers.a(division_idiv0.o)
                              libs\libcr_eabihelpers.a(division_32.o) (__aeabi_idiv0)
libs\libcr_eabihelpers.a(memcpy.o)
                              libs\libcr_c.a(memcpy.o) (__aeabi_memcpy)
libs\libcr_semihost_nf.a(__sys_close.o)
                              libs\libcr_c.a(fclose.o) (__sys_close)
libs\libcr_semihost_nf.a(__sys_flen.o)
                              libs\libcr_c.a(_writebuf.o) (__sys_flen)
libs\libcr_semihost_nf.a(__sys_istty.o)
                              libs\libcr_c.a(_deferredlazyseek.o) (__sys_istty)
libs\libcr_semihost_nf.a(__sys_remove.o)
                              libs\libcr_c.a(remove.o) (__sys_remove)
libs\libcr_semihost_nf.a(__sys_rename.o)
                              libs\libcr_c.a(remove.o) (__sys_rename)
libs\libcr_semihost_nf.a(__sys_seek.o)
                              libs\libcr_c.a(_writebuf.o) (__sys_seek)
libs\libcr_semihost_nf.a(__sys_tmpnam.o)
                              libs\libcr_c.a(fclose.o) (__sys_tmpnam)
libs\libcr_semihost_nf.a(__sys_write.o)
                              libs\libcr_c.a(_writebuf.o) (__sys_write)

Discarded input sections

 .text          0x00000000        0x0 board.o
 .data          0x00000000        0x0 board.o
 .bss           0x00000000        0x0 board.o
 .text          0x00000000        0x0 clock_config.o
 .data          0x00000000        0x0 clock_config.o
 .bss           0x00000000        0x0 clock_config.o
 .text.SMC_SetPowerModeProtection
                0x00000000       0x1e clock_config.o
 .text.SMC_GetPowerModeState
                0x00000000       0x16 clock_config.o
 .text.BOARD_BootClockVLPR
                0x00000000       0x88 clock_config.o
 .text          0x00000000        0x0 croutine.o
 .data          0x00000000        0x0 croutine.o
 .bss           0x00000000        0x0 croutine.o
 .debug_info    0x00000000       0xae croutine.o
 .debug_abbrev  0x00000000       0x66 croutine.o
 .debug_aranges
                0x00000000       0x18 croutine.o
 .debug_line    0x00000000       0x6d croutine.o
 .debug_str     0x00000000      0x1ef croutine.o
 .comment       0x00000000       0x80 croutine.o
 .ARM.attributes
                0x00000000       0x32 croutine.o
 .text          0x00000000        0x0 event_groups.o
 .data          0x00000000        0x0 event_groups.o
 .bss           0x00000000        0x0 event_groups.o
 .text.xEventGroupCreate
                0x00000000       0x30 event_groups.o
 .text.xEventGroupSync
                0x00000000      0x118 event_groups.o
 .text.xEventGroupWaitBits
                0x00000000      0x148 event_groups.o
 .text.xEventGroupClearBits
                0x00000000       0x4a event_groups.o
 .text.xEventGroupClearBitsFromISR
                0x00000000       0x28 event_groups.o
 .text.xEventGroupGetBitsFromISR
                0x00000000       0x2c event_groups.o
 .text.xEventGroupSetBits
                0x00000000       0xf2 event_groups.o
 .text.vEventGroupDelete
                0x00000000       0x54 event_groups.o
 .text.vEventGroupSetBitsCallback
                0x00000000       0x1e event_groups.o
 .text.vEventGroupClearBitsCallback
                0x00000000       0x1e event_groups.o
 .text.prvTestWaitCondition
                0x00000000       0x3e event_groups.o
 .text.xEventGroupSetBitsFromISR
                0x00000000       0x2c event_groups.o
 .text.uxEventGroupGetNumber
                0x00000000       0x28 event_groups.o
 .debug_info    0x00000000      0x734 event_groups.o
 .debug_abbrev  0x00000000      0x18a event_groups.o
 .debug_aranges
                0x00000000       0x80 event_groups.o
 .debug_ranges  0x00000000       0x70 event_groups.o
 .debug_line    0x00000000      0x31d event_groups.o
 .debug_str     0x00000000      0x5d5 event_groups.o
 .comment       0x00000000       0x80 event_groups.o
 .debug_frame   0x00000000      0x1b0 event_groups.o
 .ARM.attributes
                0x00000000       0x32 event_groups.o
 .text          0x00000000        0x0 fsl_clock.o
 .data          0x00000000        0x0 fsl_clock.o
 .bss           0x00000000        0x0 fsl_clock.o
 .data.s_slowIrcFreq
                0x00000000        0x4 fsl_clock.o
 .data.s_fastIrcFreq
                0x00000000        0x4 fsl_clock.o
 .bss.g_xtal32Freq
                0x00000000        0x4 fsl_clock.o
 .text.CLOCK_FllStableDelay
                0x00000000       0x24 fsl_clock.o
 .text.CLOCK_GetMcgExtClkFreq
                0x00000000       0x70 fsl_clock.o
 .text.CLOCK_GetFllExtRefClkFreq
                0x00000000       0xb8 fsl_clock.o
 .text.CLOCK_GetInternalRefClkSelectFreq
                0x00000000       0x40 fsl_clock.o
 .text.CLOCK_GetFllRefClkFreq
                0x00000000       0x2c fsl_clock.o
 .text.CLOCK_GetEr32kClkFreq
                0x00000000       0x58 fsl_clock.o
 .text.CLOCK_GetPlatClkFreq
                0x00000000       0x2c fsl_clock.o
 .text.CLOCK_GetFlashClkFreq
                0x00000000       0x50 fsl_clock.o
 .text.CLOCK_GetBusClkFreq
                0x00000000       0x50 fsl_clock.o
 .text.CLOCK_GetCoreSysClkFreq
                0x00000000       0x2c fsl_clock.o
 .text.CLOCK_GetFreq
                0x00000000       0xd8 fsl_clock.o
 .rodata.CLOCK_GetFreq
                0x00000000       0x24 fsl_clock.o
 .text.CLOCK_GetOutClkFreq
                0x00000000       0x54 fsl_clock.o
 .text.CLOCK_GetFllFreq
                0x00000000       0x78 fsl_clock.o
 .text.CLOCK_GetInternalRefClkFreq
                0x00000000       0x28 fsl_clock.o
 .text.CLOCK_GetFixedFreqClkFreq
                0x00000000       0x30 fsl_clock.o
 .text.CLOCK_SetOsc0MonitorMode
                0x00000000       0x80 fsl_clock.o
 .text.CLOCK_SetRtcOscMonitorMode
                0x00000000       0x70 fsl_clock.o
 .text.CLOCK_GetStatusFlags
                0x00000000       0x30 fsl_clock.o
 .text.CLOCK_ClearStatusFlags
                0x00000000       0x30 fsl_clock.o
 .text.CLOCK_DeinitOsc0
                0x00000000       0x20 fsl_clock.o
 .text.CLOCK_TrimInternalRefClk
                0x00000000      0x170 fsl_clock.o
 .text.CLOCK_GetMode
                0x00000000       0xa8 fsl_clock.o
 .text.CLOCK_SetFeiMode
                0x00000000       0xe0 fsl_clock.o
 .text.CLOCK_SetFbiMode
                0x00000000       0xf0 fsl_clock.o
 .text.CLOCK_SetFbeMode
                0x00000000      0x13c fsl_clock.o
 .text.CLOCK_SetBlpiMode
                0x00000000       0x20 fsl_clock.o
 .text.CLOCK_SetBlpeMode
                0x00000000       0x20 fsl_clock.o
 .text.CLOCK_ExternalModeToFbeModeQuick
                0x00000000       0x4c fsl_clock.o
 .text.CLOCK_InternalModeToFbiModeQuick
                0x00000000       0x48 fsl_clock.o
 .text.CLOCK_BootToFeiMode
                0x00000000       0x2e fsl_clock.o
 .text.CLOCK_BootToBlpiMode
                0x00000000       0x78 fsl_clock.o
 .text.CLOCK_BootToBlpeMode
                0x00000000       0x8c fsl_clock.o
 .rodata.mcgModeMatrix
                0x00000000       0x24 fsl_clock.o
 .text.CLOCK_SetMcgConfig
                0x00000000      0x174 fsl_clock.o
 .rodata.CLOCK_SetMcgConfig
                0x00000000       0x18 fsl_clock.o
 .rodata.fllFactorTable.5625
                0x00000000       0x10 fsl_clock.o
 .rodata.trimRange.5692
                0x00000000       0x10 fsl_clock.o
 .text          0x00000000        0x0 fsl_common.o
 .data          0x00000000        0x0 fsl_common.o
 .bss           0x00000000        0x0 fsl_common.o
 .text.DisableGlobalIRQ
                0x00000000       0x1c fsl_common.o
 .text.EnableGlobalIRQ
                0x00000000       0x1a fsl_common.o
 .text.InstallIRQHandler
                0x00000000       0x98 fsl_common.o
 .debug_info    0x00000000      0x4f2 fsl_common.o
 .debug_abbrev  0x00000000      0x246 fsl_common.o
 .debug_aranges
                0x00000000       0x30 fsl_common.o
 .debug_ranges  0x00000000       0x20 fsl_common.o
 .debug_line    0x00000000      0x1ad fsl_common.o
 .debug_str     0x00000000      0x598 fsl_common.o
 .comment       0x00000000       0x80 fsl_common.o
 .debug_frame   0x00000000       0x70 fsl_common.o
 .ARM.attributes
                0x00000000       0x32 fsl_common.o
 .text          0x00000000        0x0 fsl_debug_console.o
 .data          0x00000000        0x0 fsl_debug_console.o
 .bss           0x00000000        0x0 fsl_debug_console.o
 .text.DbgConsole_Deinit
                0x00000000       0x4c fsl_debug_console.o
 .text          0x00000000        0x0 fsl_flash.o
 .data          0x00000000        0x0 fsl_flash.o
 .bss           0x00000000        0x0 fsl_flash.o
 .rodata.kFCCOBx
                0x00000000        0x4 fsl_flash.o
 .rodata.kFPROTL
                0x00000000        0x4 fsl_flash.o
 .bss.callFlashRunCommand
                0x00000000        0x4 fsl_flash.o
 .bss.callFlashCommonBitOperation
                0x00000000        0x4 fsl_flash.o
 .rodata.s_flashRunCommandFunctionCode
                0x00000000        0xc fsl_flash.o
 .rodata.s_flashCommonBitOperationFunctionCode
                0x00000000       0x1c fsl_flash.o
 .bss.s_flashRunCommand
                0x00000000       0x40 fsl_flash.o
 .bss.s_flashCommonBitOperation
                0x00000000       0x40 fsl_flash.o
 .bss.s_flashExecuteInRamFunctionInfo
                0x00000000        0xc fsl_flash.o
 .rodata.kPFlashDensities
                0x00000000       0x1e fsl_flash.o
 .text.FLASH_Init
                0x00000000       0xec fsl_flash.o
 .text.FLASH_SetCallback
                0x00000000       0x24 fsl_flash.o
 .text.FLASH_PrepareExecuteInRamFunctions
                0x00000000       0x3c fsl_flash.o
 .text.FLASH_EraseAll
                0x00000000       0x60 fsl_flash.o
 .text.FLASH_Erase
                0x00000000       0xf8 fsl_flash.o
 .text.FLASH_EraseAllUnsecure
                0x00000000       0x60 fsl_flash.o
 .text.FLASH_EraseAllExecuteOnlySegments
                0x00000000       0x60 fsl_flash.o
 .text.FLASH_Program
                0x00000000      0x104 fsl_flash.o
 .text.FLASH_ProgramOnce
                0x00000000       0x8c fsl_flash.o
 .text.FLASH_ReadResource
                0x00000000      0x100 fsl_flash.o
 .text.FLASH_ReadOnce
                0x00000000       0x80 fsl_flash.o
 .text.FLASH_GetSecurityState
                0x00000000       0x64 fsl_flash.o
 .text.FLASH_SecurityBypass
                0x00000000       0xb0 fsl_flash.o
 .text.FLASH_VerifyEraseAll
                0x00000000       0x40 fsl_flash.o
 .text.FLASH_VerifyErase
                0x00000000      0x110 fsl_flash.o
 .text.FLASH_VerifyProgram
                0x00000000       0xec fsl_flash.o
 .text.FLASH_VerifyEraseAllExecuteOnlySegments
                0x00000000       0x40 fsl_flash.o
 .text.FLASH_IsProtected
                0x00000000      0x2bc fsl_flash.o
 .text.FLASH_IsExecuteOnly
                0x00000000      0x144 fsl_flash.o
 .text.FLASH_GetProperty
                0x00000000       0xb0 fsl_flash.o
 .rodata.FLASH_GetProperty
                0x00000000       0x28 fsl_flash.o
 .text.FLASH_SetProperty
                0x00000000       0x62 fsl_flash.o
 .text.FLASH_PflashSetProtection
                0x00000000       0x3c fsl_flash.o
 .text.FLASH_PflashGetProtection
                0x00000000       0x30 fsl_flash.o
 .text.FLASH_PflashSetPrefetchSpeculation
                0x00000000       0x78 fsl_flash.o
 .text.FLASH_PflashGetPrefetchSpeculation
                0x00000000       0x5c fsl_flash.o
 .text.copy_flash_run_command
                0x00000000       0x30 fsl_flash.o
 .text.flash_command_sequence
                0x00000000       0x7c fsl_flash.o
 .text.copy_flash_common_bit_operation
                0x00000000       0x3c fsl_flash.o
 .text.mcm_flash_cache_clear
                0x00000000       0x2c fsl_flash.o
 .text.flash_cache_clear
                0x00000000       0x1a fsl_flash.o
 .text.flash_cache_clear_process
                0x00000000       0x3a fsl_flash.o
 .text.flash_check_execute_in_ram_function_info
                0x00000000       0x36 fsl_flash.o
 .text.flash_check_range
                0x00000000       0x5c fsl_flash.o
 .text.flash_get_matched_operation_info
                0x00000000       0x76 fsl_flash.o
 .text.flash_check_user_key
                0x00000000       0x24 fsl_flash.o
 .text.flash_check_resource_range
                0x00000000       0x90 fsl_flash.o
 .text.flash_get_protection_info
                0x00000000       0x68 fsl_flash.o
 .text.flash_get_access_info
                0x00000000       0x42 fsl_flash.o
 .debug_info    0x00000000     0x1bd5 fsl_flash.o
 .debug_abbrev  0x00000000      0x269 fsl_flash.o
 .debug_aranges
                0x00000000      0x148 fsl_flash.o
 .debug_ranges  0x00000000      0x150 fsl_flash.o
 .debug_line    0x00000000      0x697 fsl_flash.o
 .debug_str     0x00000000     0x2006 fsl_flash.o
 .comment       0x00000000       0x80 fsl_flash.o
 .debug_frame   0x00000000      0x4d0 fsl_flash.o
 .ARM.attributes
                0x00000000       0x32 fsl_flash.o
 .text          0x00000000        0x0 fsl_gpio.o
 .data          0x00000000        0x0 fsl_gpio.o
 .bss           0x00000000        0x0 fsl_gpio.o
 .text.GPIO_WritePinOutput
                0x00000000       0x34 fsl_gpio.o
 .text.FGPIO_WritePinOutput
                0x00000000       0x3c fsl_gpio.o
 .rodata.s_portBases
                0x00000000        0xc fsl_gpio.o
 .rodata.s_gpioBases
                0x00000000        0xc fsl_gpio.o
 .rodata        0x00000000       0x9c fsl_gpio.o
 .text.GPIO_GetInstance
                0x00000000       0x4c fsl_gpio.o
 .text.GPIO_PinInit
                0x00000000       0x64 fsl_gpio.o
 .text.GPIO_GetPinsInterruptFlags
                0x00000000       0x38 fsl_gpio.o
 .text.GPIO_ClearPinsInterruptFlags
                0x00000000       0x3c fsl_gpio.o
 .rodata.s_fgpioBases
                0x00000000        0xc fsl_gpio.o
 .text.FGPIO_GetInstance
                0x00000000       0x4c fsl_gpio.o
 .text.FGPIO_PinInit
                0x00000000       0x64 fsl_gpio.o
 .text.FGPIO_GetPinsInterruptFlags
                0x00000000       0x38 fsl_gpio.o
 .text.FGPIO_ClearPinsInterruptFlags
                0x00000000       0x3c fsl_gpio.o
 .debug_info    0x00000000      0x714 fsl_gpio.o
 .debug_abbrev  0x00000000      0x1c7 fsl_gpio.o
 .debug_aranges
                0x00000000       0x68 fsl_gpio.o
 .debug_ranges  0x00000000       0x58 fsl_gpio.o
 .debug_line    0x00000000      0x230 fsl_gpio.o
 .debug_str     0x00000000      0x893 fsl_gpio.o
 .comment       0x00000000       0x80 fsl_gpio.o
 .debug_frame   0x00000000      0x150 fsl_gpio.o
 .ARM.attributes
                0x00000000       0x32 fsl_gpio.o
 .text          0x00000000        0x0 fsl_lptmr.o
 .data          0x00000000        0x0 fsl_lptmr.o
 .bss           0x00000000        0x0 fsl_lptmr.o
 .text.CLOCK_EnableClock
                0x00000000       0x38 fsl_lptmr.o
 .text.CLOCK_DisableClock
                0x00000000       0x38 fsl_lptmr.o
 .rodata.s_lptmrBases
                0x00000000        0x4 fsl_lptmr.o
 .rodata.s_lptmrClocks
                0x00000000        0x4 fsl_lptmr.o
 .rodata        0x00000000       0x69 fsl_lptmr.o
 .text.LPTMR_GetInstance
                0x00000000       0x48 fsl_lptmr.o
 .text.LPTMR_Init
                0x00000000       0x94 fsl_lptmr.o
 .text.LPTMR_Deinit
                0x00000000       0x38 fsl_lptmr.o
 .text.LPTMR_GetDefaultConfig
                0x00000000       0x4c fsl_lptmr.o
 .debug_info    0x00000000      0x70e fsl_lptmr.o
 .debug_abbrev  0x00000000      0x1a7 fsl_lptmr.o
 .debug_aranges
                0x00000000       0x48 fsl_lptmr.o
 .debug_ranges  0x00000000       0x38 fsl_lptmr.o
 .debug_line    0x00000000      0x1c9 fsl_lptmr.o
 .debug_str     0x00000000      0xd26 fsl_lptmr.o
 .comment       0x00000000       0x80 fsl_lptmr.o
 .debug_frame   0x00000000       0xd0 fsl_lptmr.o
 .ARM.attributes
                0x00000000       0x32 fsl_lptmr.o
 .text          0x00000000        0x0 fsl_lpuart.o
 .data          0x00000000        0x0 fsl_lpuart.o
 .bss           0x00000000        0x0 fsl_lpuart.o
 .text.NVIC_EnableIRQ
                0x00000000       0x2c fsl_lpuart.o
 .text.CLOCK_DisableClock
                0x00000000       0x38 fsl_lpuart.o
 .text.EnableIRQ
                0x00000000       0x2c fsl_lpuart.o
 .rodata.s_lpuartBases
                0x00000000        0x4 fsl_lpuart.o
 .rodata.s_lpuartIRQ
                0x00000000        0x1 fsl_lpuart.o
 .rodata.s_lpuartClock
                0x00000000        0x4 fsl_lpuart.o
 .text.LPUART_TransferGetRxRingBufferLength
                0x00000000       0x64 fsl_lpuart.o
 .text.LPUART_TransferIsRxRingBufferFull
                0x00000000       0x54 fsl_lpuart.o
 .text.LPUART_WriteNonBlocking
                0x00000000       0x48 fsl_lpuart.o
 .text.LPUART_ReadNonBlocking
                0x00000000       0x48 fsl_lpuart.o
 .text.LPUART_Deinit
                0x00000000       0x64 fsl_lpuart.o
 .text.LPUART_SetBaudRate
                0x00000000      0x194 fsl_lpuart.o
 .text.LPUART_EnableInterrupts
                0x00000000       0x3a fsl_lpuart.o
 .text.LPUART_DisableInterrupts
                0x00000000       0x3e fsl_lpuart.o
 .text.LPUART_GetEnabledInterrupts
                0x00000000       0x30 fsl_lpuart.o
 .text.LPUART_TransferCreateHandle
                0x00000000       0x80 fsl_lpuart.o
 .text.LPUART_TransferStartRingBuffer
                0x00000000       0x60 fsl_lpuart.o
 .text.LPUART_TransferStopRingBuffer
                0x00000000       0x58 fsl_lpuart.o
 .text.LPUART_TransferSendNonBlocking
                0x00000000       0xac fsl_lpuart.o
 .text.LPUART_TransferAbortSend
                0x00000000       0x40 fsl_lpuart.o
 .text.LPUART_TransferGetSendCount
                0x00000000       0x58 fsl_lpuart.o
 .text.LPUART_TransferReceiveNonBlocking
                0x00000000      0x1b8 fsl_lpuart.o
 .text.LPUART_TransferAbortReceive
                0x00000000       0x48 fsl_lpuart.o
 .text.LPUART_TransferGetReceiveCount
                0x00000000       0x58 fsl_lpuart.o
 .text.LPUART_TransferHandleIRQ
                0x00000000      0x2a4 fsl_lpuart.o
 .text.LPUART_TransferHandleErrorIRQ
                0x00000000       0x12 fsl_lpuart.o
 .text          0x00000000        0x0 fsl_lpuart_freertos.o
 .data          0x00000000        0x0 fsl_lpuart_freertos.o
 .bss           0x00000000        0x0 fsl_lpuart_freertos.o
 .text.LPUART_EnableTx
                0x00000000       0x40 fsl_lpuart_freertos.o
 .text.LPUART_EnableRx
                0x00000000       0x40 fsl_lpuart_freertos.o
 .text.LPUART_RTOS_Callback
                0x00000000       0xd0 fsl_lpuart_freertos.o
 .text.LPUART_RTOS_Init
                0x00000000      0x178 fsl_lpuart_freertos.o
 .text.LPUART_RTOS_Deinit
                0x00000000       0x6c fsl_lpuart_freertos.o
 .text.LPUART_RTOS_Send
                0x00000000       0xa8 fsl_lpuart_freertos.o
 .text.LPUART_RTOS_Receive
                0x00000000      0x138 fsl_lpuart_freertos.o
 .debug_info    0x00000000      0x873 fsl_lpuart_freertos.o
 .debug_abbrev  0x00000000      0x1cb fsl_lpuart_freertos.o
 .debug_aranges
                0x00000000       0x50 fsl_lpuart_freertos.o
 .debug_ranges  0x00000000       0x40 fsl_lpuart_freertos.o
 .debug_line    0x00000000      0x287 fsl_lpuart_freertos.o
 .debug_str     0x00000000      0xad1 fsl_lpuart_freertos.o
 .comment       0x00000000       0x80 fsl_lpuart_freertos.o
 .debug_frame   0x00000000       0xf0 fsl_lpuart_freertos.o
 .ARM.attributes
                0x00000000       0x32 fsl_lpuart_freertos.o
 .text          0x00000000        0x0 fsl_smc.o
 .data          0x00000000        0x0 fsl_smc.o
 .bss           0x00000000        0x0 fsl_smc.o
 .rodata        0x00000000        0x2 fsl_smc.o
 .text.SMC_PreEnterStopModes
                0x00000000       0x28 fsl_smc.o
 .text.SMC_PostExitStopModes
                0x00000000       0x28 fsl_smc.o
 .text.SMC_SetPowerModeRun
                0x00000000       0x42 fsl_smc.o
 .text.SMC_SetPowerModeWait
                0x00000000       0x2c fsl_smc.o
 .text.SMC_SetPowerModeStop
                0x00000000       0xb8 fsl_smc.o
 .text.SMC_SetPowerModeVlpr
                0x00000000       0x46 fsl_smc.o
 .text.SMC_SetPowerModeVlpw
                0x00000000       0x2c fsl_smc.o
 .text.SMC_SetPowerModeVlps
                0x00000000       0x7c fsl_smc.o
 .text.SMC_SetPowerModeLls
                0x00000000       0xb4 fsl_smc.o
 .text.SMC_SetPowerModeVlls
                0x00000000      0x118 fsl_smc.o
 .debug_info    0x00000000      0x754 fsl_smc.o
 .debug_abbrev  0x00000000      0x200 fsl_smc.o
 .debug_aranges
                0x00000000       0x68 fsl_smc.o
 .debug_ranges  0x00000000       0x58 fsl_smc.o
 .debug_line    0x00000000      0x2c4 fsl_smc.o
 .debug_str     0x00000000      0x72a fsl_smc.o
 .comment       0x00000000       0x80 fsl_smc.o
 .debug_frame   0x00000000      0x150 fsl_smc.o
 .ARM.attributes
                0x00000000       0x32 fsl_smc.o
 .text          0x00000000        0x0 fsl_tickless_lptmr.o
 .data          0x00000000        0x0 fsl_tickless_lptmr.o
 .bss           0x00000000        0x0 fsl_tickless_lptmr.o
 .text          0x00000000        0x0 fsl_tickless_systick.o
 .data          0x00000000        0x0 fsl_tickless_systick.o
 .bss           0x00000000        0x0 fsl_tickless_systick.o
 .text.prvSetupTimerInterrupt
                0x00000000       0x3c fsl_tickless_systick.o
 .debug_info    0x00000000       0xe8 fsl_tickless_systick.o
 .debug_abbrev  0x00000000       0x8f fsl_tickless_systick.o
 .debug_aranges
                0x00000000       0x20 fsl_tickless_systick.o
 .debug_ranges  0x00000000       0x10 fsl_tickless_systick.o
 .debug_line    0x00000000       0xfa fsl_tickless_systick.o
 .debug_str     0x00000000      0x236 fsl_tickless_systick.o
 .comment       0x00000000       0x80 fsl_tickless_systick.o
 .debug_frame   0x00000000       0x30 fsl_tickless_systick.o
 .ARM.attributes
                0x00000000       0x32 fsl_tickless_systick.o
 .text          0x00000000        0x0 heap_4.o
 .data          0x00000000        0x0 heap_4.o
 .bss           0x00000000        0x0 heap_4.o
 .rodata.xHeapStructSize
                0x00000000        0x4 heap_4.o
 .text.xPortGetFreeHeapSize
                0x00000000       0x14 heap_4.o
 .text.xPortGetMinimumEverFreeHeapSize
                0x00000000       0x14 heap_4.o
 .text.vPortInitialiseBlocks
                0x00000000        0xa heap_4.o
 .text          0x00000000        0x0 Lab01.o
 .data          0x00000000        0x0 Lab01.o
 .bss           0x00000000        0x0 Lab01.o
 .text          0x00000000        0x0 list.o
 .data          0x00000000        0x0 list.o
 .bss           0x00000000        0x0 list.o
 .text          0x00000000        0x0 pin_mux.o
 .data          0x00000000        0x0 pin_mux.o
 .bss           0x00000000        0x0 pin_mux.o
 .rodata        0x00000000       0x23 pin_mux.o
 .text.PORT_SetPinConfig
                0x00000000       0x38 pin_mux.o
 .text.BOARD_InitBootPins
                0x00000000        0xe pin_mux.o
 .text.BOARD_InitButtons
                0x00000000       0x54 pin_mux.o
 .text.BOARD_InitLEDs
                0x00000000       0x78 pin_mux.o
 .text.BOARD_InitDEBUG_UART
                0x00000000       0xd0 pin_mux.o
 .text.BOARD_InitOSC
                0x00000000       0x34 pin_mux.o
 .text          0x00000000        0x0 port.o
 .data          0x00000000        0x0 port.o
 .bss           0x00000000        0x0 port.o
 .text.vPortEndScheduler
                0x00000000       0x20 port.o
 .text          0x00000000        0x0 queue.o
 .data          0x00000000        0x0 queue.o
 .bss           0x00000000        0x0 queue.o
 .text.prvInitialiseMutex
                0x00000000       0x34 queue.o
 .text.xQueueCreateMutex
                0x00000000       0x38 queue.o
 .text.xQueueGiveMutexRecursive
                0x00000000       0x56 queue.o
 .text.xQueueTakeMutexRecursive
                0x00000000       0x60 queue.o
 .text.xQueueCreateCountingSemaphore
                0x00000000       0x46 queue.o
 .text.xQueueGiveFromISR
                0x00000000       0xcc queue.o
 .text.xQueueReceiveFromISR
                0x00000000       0xc8 queue.o
 .text.xQueuePeekFromISR
                0x00000000       0x84 queue.o
 .text.uxQueueMessagesWaiting
                0x00000000       0x2a queue.o
 .text.uxQueueSpacesAvailable
                0x00000000       0x34 queue.o
 .text.uxQueueMessagesWaitingFromISR
                0x00000000       0x22 queue.o
 .text.vQueueDelete
                0x00000000       0x2e queue.o
 .text.uxQueueGetQueueNumber
                0x00000000       0x14 queue.o
 .text.vQueueSetQueueNumber
                0x00000000       0x18 queue.o
 .text.ucQueueGetQueueType
                0x00000000       0x16 queue.o
 .text.xQueueIsQueueEmptyFromISR
                0x00000000       0x2e queue.o
 .text.xQueueIsQueueFullFromISR
                0x00000000       0x32 queue.o
 .text.pcQueueGetName
                0x00000000       0x4c queue.o
 .text.vQueueUnregisterQueue
                0x00000000       0x54 queue.o
 .text          0x00000000        0x0 startup_mkw41z4.o
 .data          0x00000000        0x0 startup_mkw41z4.o
 .bss           0x00000000        0x0 startup_mkw41z4.o
 .text          0x00000000        0x0 system_MKW41Z4.o
 .data          0x00000000        0x0 system_MKW41Z4.o
 .bss           0x00000000        0x0 system_MKW41Z4.o
 .text.SystemCoreClockUpdate
                0x00000000      0x220 system_MKW41Z4.o
 .text          0x00000000        0x0 tasks.o
 .data          0x00000000        0x0 tasks.o
 .bss           0x00000000        0x0 tasks.o
 .text.vTaskDelete
                0x00000000       0xc8 tasks.o
 .text.vTaskDelayUntil
                0x00000000       0xb8 tasks.o
 .text.eTaskGetState
                0x00000000       0xbc tasks.o
 .text.uxTaskPriorityGet
                0x00000000       0x34 tasks.o
 .text.uxTaskPriorityGetFromISR
                0x00000000       0x3c tasks.o
 .text.vTaskPrioritySet
                0x00000000      0x124 tasks.o
 .text.vTaskSuspend
                0x00000000       0xb8 tasks.o
 .text.prvTaskIsTaskSuspended
                0x00000000       0x60 tasks.o
 .text.vTaskResume
                0x00000000       0x9c tasks.o
 .text.xTaskResumeFromISR
                0x00000000       0xbc tasks.o
 .text.vTaskEndScheduler
                0x00000000       0x1c tasks.o
 .text.xTaskGetTickCountFromISR
                0x00000000       0x20 tasks.o
 .text.uxTaskGetNumberOfTasks
                0x00000000       0x14 tasks.o
 .text.pcTaskGetName
                0x00000000       0x34 tasks.o
 .text.uxTaskGetSystemState
                0x00000000      0x11c tasks.o
 .text.vTaskPlaceOnUnorderedEventList
                0x00000000       0x5c tasks.o
 .text.xTaskRemoveFromUnorderedEventList
                0x00000000       0xb0 tasks.o
 .text.uxTaskGetTaskNumber
                0x00000000       0x28 tasks.o
 .text.vTaskSetTaskNumber
                0x00000000       0x22 tasks.o
 .text.vTaskSetThreadLocalStoragePointer
                0x00000000       0x40 tasks.o
 .text.pvTaskGetThreadLocalStoragePointer
                0x00000000       0x48 tasks.o
 .text.vTaskGetInfo
                0x00000000       0xc4 tasks.o
 .text.prvListTasksWithinSingleList
                0x00000000       0xa6 tasks.o
 .text.prvTaskCheckFreeStackSpace
                0x00000000       0x34 tasks.o
 .text.xTaskGetCurrentTaskHandle
                0x00000000       0x1c tasks.o
 .text.uxTaskResetEventItemValue
                0x00000000       0x2c tasks.o
 .text.ulTaskNotifyTake
                0x00000000       0x84 tasks.o
 .text.xTaskNotifyWait
                0x00000000       0xa8 tasks.o
 .text.xTaskGenericNotify
                0x00000000      0x118 tasks.o
 .rodata.xTaskGenericNotify
                0x00000000       0x14 tasks.o
 .text.xTaskGenericNotifyFromISR
                0x00000000      0x154 tasks.o
 .rodata.xTaskGenericNotifyFromISR
                0x00000000       0x14 tasks.o
 .text.vTaskNotifyGiveFromISR
                0x00000000       0xf4 tasks.o
 .text.xTaskNotifyStateClear
                0x00000000       0x4c tasks.o
 .text          0x00000000        0x0 timers.o
 .data          0x00000000        0x0 timers.o
 .bss           0x00000000        0x0 timers.o
 .text.xTimerCreate
                0x00000000       0x3e timers.o
 .text.prvInitialiseNewTimer
                0x00000000       0x52 timers.o
 .text.xTimerGetTimerDaemonTaskHandle
                0x00000000       0x20 timers.o
 .text.xTimerGetPeriod
                0x00000000       0x22 timers.o
 .text.xTimerGetExpiryTime
                0x00000000       0x26 timers.o
 .text.pcTimerGetName
                0x00000000       0x22 timers.o
 .text.xTimerIsTimerActive
                0x00000000       0x34 timers.o
 .text.pvTimerGetTimerID
                0x00000000       0x2e timers.o
 .text.vTimerSetTimerID
                0x00000000       0x2e timers.o
 .text.xTimerPendFunctionCallFromISR
                0x00000000       0x54 timers.o
 .text.xTimerPendFunctionCall
                0x00000000       0x60 timers.o
 .text          0x00000000        0x0 libs\libcr_semihost_nf.a(_cr__main.o)
 .data          0x00000000        0x0 libs\libcr_semihost_nf.a(_cr__main.o)
 .bss           0x00000000        0x0 libs\libcr_semihost_nf.a(_cr__main.o)
 .text          0x00000000        0x0 libs\libcr_semihost_nf.a(_cr_assert.o)
 .data          0x00000000        0x0 libs\libcr_semihost_nf.a(_cr_assert.o)
 .bss           0x00000000        0x0 libs\libcr_semihost_nf.a(_cr_assert.o)
 .text          0x00000000        0x0 libs\libcr_semihost_nf.a(__ciob.o)
 .data          0x00000000        0x0 libs\libcr_semihost_nf.a(__ciob.o)
 .bss           0x00000000        0x0 libs\libcr_semihost_nf.a(__ciob.o)
 .text          0x00000000        0x0 libs\libcr_semihost_nf.a(__sys_appexit.o)
 .data          0x00000000        0x0 libs\libcr_semihost_nf.a(__sys_appexit.o)
 .bss           0x00000000        0x0 libs\libcr_semihost_nf.a(__sys_appexit.o)
 .text          0x00000000        0x0 libs\libcr_c.a(memcpy.o)
 .data          0x00000000        0x0 libs\libcr_c.a(memcpy.o)
 .bss           0x00000000        0x0 libs\libcr_c.a(memcpy.o)
 .text          0x00000000        0x0 libs\libcr_c.a(memset.o)
 .data          0x00000000        0x0 libs\libcr_c.a(memset.o)
 .bss           0x00000000        0x0 libs\libcr_c.a(memset.o)
 .text          0x00000000        0x0 libs\libcr_c.a(_deferredlazyseek.o)
 .data          0x00000000        0x0 libs\libcr_c.a(_deferredlazyseek.o)
 .bss           0x00000000        0x0 libs\libcr_c.a(_deferredlazyseek.o)
 .text          0x00000000        0x0 libs\libcr_c.a(_fflush.o)
 .data          0x00000000        0x0 libs\libcr_c.a(_fflush.o)
 .bss           0x00000000        0x0 libs\libcr_c.a(_fflush.o)
 .text          0x00000000        0x0 libs\libcr_c.a(_writebuf.o)
 .data          0x00000000        0x0 libs\libcr_c.a(_writebuf.o)
 .bss           0x00000000        0x0 libs\libcr_c.a(_writebuf.o)
 .text          0x00000000        0x0 libs\libcr_c.a(alloc.o)
 .data          0x00000000        0x0 libs\libcr_c.a(alloc.o)
 .bss           0x00000000        0x0 libs\libcr_c.a(alloc.o)
 .text.calloc   0x00000000       0x50 libs\libcr_c.a(alloc.o)
 .text.realloc  0x00000000       0x26 libs\libcr_c.a(alloc.o)
 .text          0x00000000        0x0 libs\libcr_c.a(fputs.o)
 .data          0x00000000        0x0 libs\libcr_c.a(fputs.o)
 .bss           0x00000000        0x0 libs\libcr_c.a(fputs.o)
 .text          0x00000000        0x0 libs\libcr_c.a(fseek.o)
 .data          0x00000000        0x0 libs\libcr_c.a(fseek.o)
 .bss           0x00000000        0x0 libs\libcr_c.a(fseek.o)
 .text          0x00000000        0x0 libs\libcr_c.a(ftell.o)
 .data          0x00000000        0x0 libs\libcr_c.a(ftell.o)
 .bss           0x00000000        0x0 libs\libcr_c.a(ftell.o)
 .text          0x00000000        0x0 libs\libcr_c.a(initio.o)
 .data          0x00000000        0x0 libs\libcr_c.a(initio.o)
 .bss           0x00000000        0x0 libs\libcr_c.a(initio.o)
 .text._terminateio
                0x00000000       0x50 libs\libcr_c.a(initio.o)
 .text          0x00000000        0x0 libs\libcr_c.a(setvbuf.o)
 .data          0x00000000        0x0 libs\libcr_c.a(setvbuf.o)
 .bss           0x00000000        0x0 libs\libcr_c.a(setvbuf.o)
 .text          0x00000000        0x0 libs\libcr_c.a(__init_alloc.o)
 .data          0x00000000        0x0 libs\libcr_c.a(__init_alloc.o)
 .bss           0x00000000        0x0 libs\libcr_c.a(__init_alloc.o)
 .text._init_alloc
                0x00000000       0x14 libs\libcr_c.a(__init_alloc.o)
 .text          0x00000000        0x0 libs\libcr_c.a(_cr_sbrk.o)
 .data          0x00000000        0x0 libs\libcr_c.a(_cr_sbrk.o)
 .bss           0x00000000        0x0 libs\libcr_c.a(_cr_sbrk.o)
 .text          0x00000000        0x0 libs\libcr_c.a(_fdopen.o)
 .data          0x00000000        0x0 libs\libcr_c.a(_fdopen.o)
 .bss           0x00000000        0x0 libs\libcr_c.a(_fdopen.o)
 .text          0x00000000        0x0 libs\libcr_c.a(errno.o)
 .data          0x00000000        0x0 libs\libcr_c.a(errno.o)
 .bss           0x00000000        0x0 libs\libcr_c.a(errno.o)
 .text          0x00000000        0x0 libs\libcr_c.a(fclose.o)
 .data          0x00000000        0x0 libs\libcr_c.a(fclose.o)
 .bss           0x00000000        0x0 libs\libcr_c.a(fclose.o)
 .text          0x00000000        0x0 libs\libcr_c.a(fflush.o)
 .data          0x00000000        0x0 libs\libcr_c.a(fflush.o)
 .bss           0x00000000        0x0 libs\libcr_c.a(fflush.o)
 .text          0x00000000        0x0 libs\libcr_c.a(remove.o)
 .data          0x00000000        0x0 libs\libcr_c.a(remove.o)
 .bss           0x00000000        0x0 libs\libcr_c.a(remove.o)
 .text.rename   0x00000000       0x26 libs\libcr_c.a(remove.o)
 .text          0x00000000        0x0 libs\libcr_c.a(strlen.o)
 .data          0x00000000        0x0 libs\libcr_c.a(strlen.o)
 .bss           0x00000000        0x0 libs\libcr_c.a(strlen.o)
 .text          0x00000000        0x0 libs\libcr_c.a(_cr_check_heap.o)
 .data          0x00000000        0x0 libs\libcr_c.a(_cr_check_heap.o)
 .bss           0x00000000        0x0 libs\libcr_c.a(_cr_check_heap.o)
 .text          0x00000000        0x0 libs\libcr_c.a(_do_fflush.o)
 .data          0x00000000        0x0 libs\libcr_c.a(_do_fflush.o)
 .bss           0x00000000        0x0 libs\libcr_c.a(_do_fflush.o)
 .text          0x00000000        0x0 libs\libcr_eabihelpers.a(division_32.o)
 .data          0x00000000        0x0 libs\libcr_eabihelpers.a(division_32.o)
 .bss           0x00000000        0x0 libs\libcr_eabihelpers.a(division_32.o)
 .text          0x00000000        0x0 libs\libcr_eabihelpers.a(division_idiv0.o)
 .data          0x00000000        0x0 libs\libcr_eabihelpers.a(division_idiv0.o)
 .bss           0x00000000        0x0 libs\libcr_eabihelpers.a(division_idiv0.o)
 .text          0x00000000        0x0 libs\libcr_eabihelpers.a(memcpy.o)
 .data          0x00000000        0x0 libs\libcr_eabihelpers.a(memcpy.o)
 .bss           0x00000000        0x0 libs\libcr_eabihelpers.a(memcpy.o)
 .text.__aeabi_memmove
                0x00000000       0x1c libs\libcr_eabihelpers.a(memcpy.o)
 .text.__aeabi_memclr
                0x00000000        0x6 libs\libcr_eabihelpers.a(memcpy.o)
 .text.__aeabi_memset
                0x00000000        0x8 libs\libcr_eabihelpers.a(memcpy.o)
 .text          0x00000000        0x0 libs\libcr_semihost_nf.a(__sys_close.o)
 .data          0x00000000        0x0 libs\libcr_semihost_nf.a(__sys_close.o)
 .bss           0x00000000        0x0 libs\libcr_semihost_nf.a(__sys_close.o)
 .text          0x00000000        0x0 libs\libcr_semihost_nf.a(__sys_flen.o)
 .data          0x00000000        0x0 libs\libcr_semihost_nf.a(__sys_flen.o)
 .bss           0x00000000        0x0 libs\libcr_semihost_nf.a(__sys_flen.o)
 .text          0x00000000        0x0 libs\libcr_semihost_nf.a(__sys_istty.o)
 .data          0x00000000        0x0 libs\libcr_semihost_nf.a(__sys_istty.o)
 .bss           0x00000000        0x0 libs\libcr_semihost_nf.a(__sys_istty.o)
 .text          0x00000000        0x0 libs\libcr_semihost_nf.a(__sys_remove.o)
 .data          0x00000000        0x0 libs\libcr_semihost_nf.a(__sys_remove.o)
 .bss           0x00000000        0x0 libs\libcr_semihost_nf.a(__sys_remove.o)
 .text          0x00000000        0x0 libs\libcr_semihost_nf.a(__sys_rename.o)
 .data          0x00000000        0x0 libs\libcr_semihost_nf.a(__sys_rename.o)
 .bss           0x00000000        0x0 libs\libcr_semihost_nf.a(__sys_rename.o)
 .text.__sys_rename
                0x00000000        0xc libs\libcr_semihost_nf.a(__sys_rename.o)
 .ARM.attributes
                0x00000000       0x21 libs\libcr_semihost_nf.a(__sys_rename.o)
 .text          0x00000000        0x0 libs\libcr_semihost_nf.a(__sys_seek.o)
 .data          0x00000000        0x0 libs\libcr_semihost_nf.a(__sys_seek.o)
 .bss           0x00000000        0x0 libs\libcr_semihost_nf.a(__sys_seek.o)
 .text          0x00000000        0x0 libs\libcr_semihost_nf.a(__sys_tmpnam.o)
 .data          0x00000000        0x0 libs\libcr_semihost_nf.a(__sys_tmpnam.o)
 .bss           0x00000000        0x0 libs\libcr_semihost_nf.a(__sys_tmpnam.o)
 .text          0x00000000        0x0 libs\libcr_semihost_nf.a(__sys_write.o)
 .data          0x00000000        0x0 libs\libcr_semihost_nf.a(__sys_write.o)
 .bss           0x00000000        0x0 libs\libcr_semihost_nf.a(__sys_write.o)

Memory Configuration

Name             Origin             Length             Attributes
PROGRAM_FLASH    0x00000000         0x00080000         xr
SRAM             0x1fff8000         0x00020000         xrw
*default*        0x00000000         0xffffffff

Linker script and memory map

LOAD libs\libcr_c.a
LOAD libs\libcr_eabihelpers.a
LOAD libs\libcr_semihost_nf.a
LOAD board.o
LOAD clock_config.o
LOAD croutine.o
LOAD event_groups.o
LOAD fsl_clock.o
LOAD fsl_common.o
LOAD fsl_debug_console.o
LOAD fsl_flash.o
LOAD fsl_gpio.o
LOAD fsl_lptmr.o
LOAD fsl_lpuart.o
LOAD fsl_lpuart_freertos.o
LOAD fsl_smc.o
LOAD fsl_tickless_lptmr.o
LOAD fsl_tickless_systick.o
LOAD heap_4.o
LOAD Lab01.o
LOAD list.o
LOAD pin_mux.o
LOAD port.o
LOAD queue.o
LOAD startup_mkw41z4.o
LOAD system_MKW41Z4.o
LOAD tasks.o
LOAD timers.o
START GROUP
LOAD libs\libcr_semihost_nf.a
LOAD libs\libcr_c.a
LOAD libs\libcr_eabihelpers.a
END GROUP
                0x00000000                __base_PROGRAM_FLASH = 0x0
                0x00000000                __base_Flash = 0x0
                0x00080000                __top_PROGRAM_FLASH = 0x80000
                0x00080000                __top_Flash = 0x80000
                0x1fff8000                __base_SRAM = 0x1fff8000
                0x1fff8000                __base_RAM = 0x1fff8000
                0x20018000                __top_SRAM = 0x20018000
                0x20018000                __top_RAM = 0x20018000

.text           0x00000000     0x42f0
 FILL mask 0xff
                0x00000000                __vectors_start__ = ABSOLUTE (.)
 *(.isr_vector)
 .isr_vector    0x00000000       0xc0 startup_mkw41z4.o
                0x00000000                g_pfnVectors
                0x00000000                __Vectors
                0x000000c0                . = ALIGN (0x4)
                0x000000c0                __section_table_start = .
                0x000000c0                __data_section_table = .
                0x000000c0        0x4 LONG 0x42f0 LOADADDR (.data)
                0x000000c4        0x4 LONG 0x1fff8000 ADDR (.data)
                0x000000c8        0x4 LONG 0x8 SIZEOF (.data)
                0x000000cc                __data_section_table_end = .
                0x000000cc                __bss_section_table = .
                0x000000cc        0x4 LONG 0x1fff8008 ADDR (.bss)
                0x000000d0        0x4 LONG 0x2a74 SIZEOF (.bss)
                0x000000d4                __bss_section_table_end = .
                0x000000d4                __section_table_end = .
 *(.after_vectors*)
 .after_vectors.init_data
                0x000000d4       0x16 startup_mkw41z4.o
                0x000000d4                data_init
 .after_vectors.init_bss
                0x000000ea       0x12 startup_mkw41z4.o
                0x000000ea                bss_init
 .after_vectors.reset
                0x000000fc       0x4c startup_mkw41z4.o
                0x000000fc                ResetISR
 .after_vectors
                0x00000148      0x10c startup_mkw41z4.o
                0x00000148                NMI_Handler
                0x0000014a                HardFault_Handler
                0x00000152                DMA0_DriverIRQHandler
                0x00000152                PIT_DriverIRQHandler
                0x00000152                SPI1_DriverIRQHandler
                0x00000152                LPTMR0_DriverIRQHandler
                0x00000152                PORTB_PORTC_DriverIRQHandler
                0x00000152                DMA3_DriverIRQHandler
                0x00000152                I2C0_DriverIRQHandler
                0x00000152                DMA2_DriverIRQHandler
                0x00000152                TRNG0_DriverIRQHandler
                0x00000152                CMP0_DriverIRQHandler
                0x00000152                TPM2_DriverIRQHandler
                0x00000152                Radio_0_DriverIRQHandler
                0x00000152                ADC0_DriverIRQHandler
                0x00000152                SPI0_DriverIRQHandler
                0x00000152                TSI0_DriverIRQHandler
                0x00000152                RTC_Seconds_DriverIRQHandler
                0x00000152                LTC0_DriverIRQHandler
                0x00000152                LLWU_DriverIRQHandler
                0x00000152                MCG_DriverIRQHandler
                0x00000152                I2C1_DriverIRQHandler
                0x00000152                CMT_DriverIRQHandler
                0x00000152                DMA1_DriverIRQHandler
                0x00000152                FTFA_DriverIRQHandler
                0x00000152                IntDefaultHandler
                0x00000152                RTC_DriverIRQHandler
                0x00000152                DAC0_DriverIRQHandler
                0x00000152                TPM0_DriverIRQHandler
                0x00000152                TPM1_DriverIRQHandler
                0x00000152                LVD_LVW_DCDC_DriverIRQHandler
                0x00000152                PORTA_DriverIRQHandler
                0x00000152                Reserved20_DriverIRQHandler
                0x00000152                Radio_1_DriverIRQHandler
                0x00000154                DMA0_IRQHandler
                0x0000015c                DMA1_IRQHandler
                0x00000164                DMA2_IRQHandler
                0x0000016c                DMA3_IRQHandler
                0x00000174                Reserved20_IRQHandler
                0x0000017c                FTFA_IRQHandler
                0x00000184                LVD_LVW_DCDC_IRQHandler
                0x0000018c                LLWU_IRQHandler
                0x00000194                I2C0_IRQHandler
                0x0000019c                I2C1_IRQHandler
                0x000001a4                SPI0_IRQHandler
                0x000001ac                TSI0_IRQHandler
                0x000001b4                LPUART0_IRQHandler
                0x000001bc                TRNG0_IRQHandler
                0x000001c4                CMT_IRQHandler
                0x000001cc                ADC0_IRQHandler
                0x000001d4                CMP0_IRQHandler
                0x000001dc                TPM0_IRQHandler
                0x000001e4                TPM1_IRQHandler
                0x000001ec                TPM2_IRQHandler
                0x000001f4                RTC_IRQHandler
                0x000001fc                RTC_Seconds_IRQHandler
                0x00000204                PIT_IRQHandler
                0x0000020c                LTC0_IRQHandler
                0x00000214                Radio_0_IRQHandler
                0x0000021c                DAC0_IRQHandler
                0x00000224                Radio_1_IRQHandler
                0x0000022c                MCG_IRQHandler
                0x00000234                LPTMR0_IRQHandler
                0x0000023c                SPI1_IRQHandler
                0x00000244                PORTA_IRQHandler
                0x0000024c                PORTB_PORTC_IRQHandler
                0x00000400                . = 0x400
 *fill*         0x00000254      0x1ac ff
                0x00000400                PROVIDE (__FLASH_CONFIG_START__, .)
 *(.FlashConfig)
 .FlashConfig   0x00000400       0x10 startup_mkw41z4.o
                0x00000400                Flash_Config
                0x00000410                PROVIDE (__FLASH_CONFIG_END__, .)
                0x00000001                ASSERT (! ((__FLASH_CONFIG_START__ == __FLASH_CONFIG_END__)), Linker Flash Config Support Enabled, but no .FlashConfig section provided within application)
 *(.text*)
 .text.CLOCK_SetLpuartClock
                0x00000410       0x38 board.o
 .text.BOARD_InitDebugConsole
                0x00000448       0x30 board.o
                0x00000448                BOARD_InitDebugConsole
 .text.CLOCK_SetSimSafeDivs
                0x00000478       0x1c clock_config.o
 .text.CLOCK_SetXtal0Freq
                0x00000494       0x1c clock_config.o
 .text.CLOCK_SYS_FllStableDelay
                0x000004b0       0x24 clock_config.o
 .text.BOARD_BootClockRUN
                0x000004d4       0x64 clock_config.o
                0x000004d4                BOARD_BootClockRUN
 .text.BOARD_RfOscInit
                0x00000538       0xd4 clock_config.o
                0x00000538                BOARD_RfOscInit
 .text.BOARD_InitOsc0
                0x0000060c       0x30 clock_config.o
                0x0000060c                BOARD_InitOsc0
 .text.CLOCK_SetEr32kClock
                0x0000063c       0x30 fsl_clock.o
 .text.CLOCK_GetOscRangeFromFreq
                0x0000066c       0x4c fsl_clock.o
 .text.CLOCK_GetOsc0ErClkFreq
                0x000006b8       0x28 fsl_clock.o
                0x000006b8                CLOCK_GetOsc0ErClkFreq
 .text.CLOCK_SetSimConfig
                0x000006e0       0x2c fsl_clock.o
                0x000006e0                CLOCK_SetSimConfig
 .text.CLOCK_SetExternalRefClkConfig
                0x0000070c       0x80 fsl_clock.o
                0x0000070c                CLOCK_SetExternalRefClkConfig
 .text.CLOCK_SetInternalRefClkConfig
                0x0000078c      0x128 fsl_clock.o
                0x0000078c                CLOCK_SetInternalRefClkConfig
 .text.CLOCK_InitOsc0
                0x000008b4       0x6c fsl_clock.o
                0x000008b4                CLOCK_InitOsc0
 .text.CLOCK_SetFeeMode
                0x00000920      0x140 fsl_clock.o
                0x00000920                CLOCK_SetFeeMode
 .text.CLOCK_BootToFeeMode
                0x00000a60       0x4e fsl_clock.o
                0x00000a60                CLOCK_BootToFeeMode
 *fill*         0x00000aae        0x2 ff
 .text.LPUART_EnableTx
                0x00000ab0       0x40 fsl_debug_console.o
 .text.LPUART_EnableRx
                0x00000af0       0x40 fsl_debug_console.o
 .text.DbgConsole_Init
                0x00000b30       0x94 fsl_debug_console.o
                0x00000b30                DbgConsole_Init
 .text.CLOCK_EnableClock
                0x00000bc4       0x38 fsl_lpuart.o
 .text.LPUART_GetInstance
                0x00000bfc       0x48 fsl_lpuart.o
                0x00000bfc                LPUART_GetInstance
 .text.LPUART_Init
                0x00000c44      0x28c fsl_lpuart.o
                0x00000c44                LPUART_Init
 .text.LPUART_GetDefaultConfig
                0x00000ed0       0x50 fsl_lpuart.o
                0x00000ed0                LPUART_GetDefaultConfig
 .text.LPUART_GetStatusFlags
                0x00000f20       0x18 fsl_lpuart.o
                0x00000f20                LPUART_GetStatusFlags
 .text.LPUART_ClearStatusFlags
                0x00000f38       0x88 fsl_lpuart.o
                0x00000f38                LPUART_ClearStatusFlags
 .text.LPUART_WriteBlocking
                0x00000fc0       0x4c fsl_lpuart.o
                0x00000fc0                LPUART_WriteBlocking
 .text.LPUART_ReadBlocking
                0x0000100c       0xd8 fsl_lpuart.o
                0x0000100c                LPUART_ReadBlocking
 .text.LPUART0_DriverIRQHandler
                0x000010e4       0x24 fsl_lpuart.o
                0x000010e4                LPUART0_DriverIRQHandler
 .text.prvSetupTimerInterrupt
                0x00001108       0x3c fsl_tickless_lptmr.o
                0x00001108                prvSetupTimerInterrupt
 .text.pvPortMalloc
                0x00001144      0x14c heap_4.o
                0x00001144                pvPortMalloc
 .text.vPortFree
                0x00001290       0x90 heap_4.o
                0x00001290                vPortFree
 .text.prvHeapInit
                0x00001320       0xc0 heap_4.o
 .text.prvInsertBlockIntoFreeList
                0x000013e0       0xb0 heap_4.o
 .text.GPIO_WritePinOutput
                0x00001490       0x34 Lab01.o
 .text.GPIO_SetPinsOutput
                0x000014c4       0x18 Lab01.o
 .text.GPIO_ClearPinsOutput
                0x000014dc       0x18 Lab01.o
 .text.main     0x000014f4       0x8c Lab01.o
                0x000014f4                main
 .text.FlashLED2
                0x00001580       0x34 Lab01.o
                0x00001580                FlashLED2
 .text.FlashLED3
                0x000015b4       0x3c Lab01.o
                0x000015b4                FlashLED3
 .text.vListInitialise
                0x000015f0       0x3c list.o
                0x000015f0                vListInitialise
 .text.vListInitialiseItem
                0x0000162c       0x16 list.o
                0x0000162c                vListInitialiseItem
 .text.vListInsertEnd
                0x00001642       0x44 list.o
                0x00001642                vListInsertEnd
 .text.vListInsert
                0x00001686       0x6c list.o
                0x00001686                vListInsert
 .text.uxListRemove
                0x000016f2       0x50 list.o
                0x000016f2                uxListRemove
 *fill*         0x00001742        0x2 ff
 .text.CLOCK_EnableClock
                0x00001744       0x38 pin_mux.o
 .text.PORT_SetPinMux
                0x0000177c       0x40 pin_mux.o
 .text.BOARD_InitPins
                0x000017bc       0x6c pin_mux.o
                0x000017bc                BOARD_InitPins
 .text.pxPortInitialiseStack
                0x00001828       0x54 port.o
                0x00001828                pxPortInitialiseStack
 .text.prvTaskExitError
                0x0000187c       0x18 port.o
 .text.SVC_Handler
                0x00001894        0xa port.o
                0x00001894                SVC_Handler
 *fill*         0x0000189e        0x2 ff
 .text.vPortStartFirstTask
                0x000018a0       0x38 port.o
 .text.xPortStartScheduler
                0x000018d8       0x44 port.o
                0x000018d8                xPortStartScheduler
 .text.vPortYield
                0x0000191c       0x20 port.o
                0x0000191c                vPortYield
 .text.vPortEnterCritical
                0x0000193c       0x24 port.o
                0x0000193c                vPortEnterCritical
 .text.vPortExitCritical
                0x00001960       0x30 port.o
                0x00001960                vPortExitCritical
 .text.ulSetInterruptMaskFromISR
                0x00001990        0xc port.o
                0x00001990                ulSetInterruptMaskFromISR
 .text.vClearInterruptMaskFromISR
                0x0000199c        0x8 port.o
                0x0000199c                vClearInterruptMaskFromISR
 *fill*         0x000019a4        0xc ff
 .text.PendSV_Handler
                0x000019b0       0x48 port.o
                0x000019b0                PendSV_Handler
 .text.SysTick_Handler
                0x000019f8       0x34 port.o
                0x000019f8                SysTick_Handler
 .text.xQueueGenericReset
                0x00001a2c       0xa8 queue.o
                0x00001a2c                xQueueGenericReset
 .text.xQueueGenericCreate
                0x00001ad4       0x64 queue.o
                0x00001ad4                xQueueGenericCreate
 .text.prvInitialiseNewQueue
                0x00001b38       0x4e queue.o
 .text.xQueueGenericSend
                0x00001b86      0x188 queue.o
                0x00001b86                xQueueGenericSend
 .text.xQueueGenericSendFromISR
                0x00001d0e       0xe4 queue.o
                0x00001d0e                xQueueGenericSendFromISR
 .text.xQueueGenericReceive
                0x00001df2      0x1c8 queue.o
                0x00001df2                xQueueGenericReceive
 .text.prvCopyDataToQueue
                0x00001fba       0xd6 queue.o
 .text.prvCopyDataFromQueue
                0x00002090       0x4c queue.o
 .text.prvUnlockQueue
                0x000020dc       0xc0 queue.o
 .text.prvIsQueueEmpty
                0x0000219c       0x2c queue.o
 .text.prvIsQueueFull
                0x000021c8       0x30 queue.o
 .text.vQueueAddToRegistry
                0x000021f8       0x50 queue.o
                0x000021f8                vQueueAddToRegistry
 .text.vQueueWaitForMessageRestricted
                0x00002248       0x66 queue.o
                0x00002248                vQueueWaitForMessageRestricted
 *fill*         0x000022ae        0x2 ff
 .text.SystemInit
                0x000022b0       0x18 system_MKW41Z4.o
                0x000022b0                SystemInit
 .text.xTaskCreate
                0x000022c8       0x90 tasks.o
                0x000022c8                xTaskCreate
 .text.prvInitialiseNewTask
                0x00002358      0x12c tasks.o
 .text.prvAddNewTaskToReadyList
                0x00002484       0xd0 tasks.o
 .text.vTaskDelay
                0x00002554       0x4c tasks.o
                0x00002554                vTaskDelay
 .text.vTaskStartScheduler
                0x000025a0       0x78 tasks.o
                0x000025a0                vTaskStartScheduler
 .text.vTaskSuspendAll
                0x00002618       0x18 tasks.o
                0x00002618                vTaskSuspendAll
 .text.xTaskResumeAll
                0x00002630      0x118 tasks.o
                0x00002630                xTaskResumeAll
 .text.xTaskGetTickCount
                0x00002748       0x1c tasks.o
                0x00002748                xTaskGetTickCount
 .text.xTaskIncrementTick
                0x00002764      0x14c tasks.o
                0x00002764                xTaskIncrementTick
 .text.vTaskSwitchContext
                0x000028b0       0xa4 tasks.o
                0x000028b0                vTaskSwitchContext
 .text.vTaskPlaceOnEventList
                0x00002954       0x3c tasks.o
                0x00002954                vTaskPlaceOnEventList
 .text.vTaskPlaceOnEventListRestricted
                0x00002990       0x4c tasks.o
                0x00002990                vTaskPlaceOnEventListRestricted
 .text.xTaskRemoveFromEventList
                0x000029dc       0xb8 tasks.o
                0x000029dc                xTaskRemoveFromEventList
 .text.vTaskSetTimeOutState
                0x00002a94       0x34 tasks.o
                0x00002a94                vTaskSetTimeOutState
 .text.xTaskCheckForTimeOut
                0x00002ac8       0x9c tasks.o
                0x00002ac8                xTaskCheckForTimeOut
 .text.vTaskMissedYield
                0x00002b64       0x14 tasks.o
                0x00002b64                vTaskMissedYield
 .text.prvIdleTask
                0x00002b78       0x20 tasks.o
 .text.prvInitialiseTaskLists
                0x00002b98       0x88 tasks.o
 .text.prvCheckTasksWaitingTermination
                0x00002c20       0x74 tasks.o
 .text.prvDeleteTCB
                0x00002c94       0x22 tasks.o
 *fill*         0x00002cb6        0x2 ff
 .text.prvResetNextTaskUnblockTime
                0x00002cb8       0x48 tasks.o
 .text.xTaskGetSchedulerState
                0x00002d00       0x38 tasks.o
                0x00002d00                xTaskGetSchedulerState
 .text.vTaskPriorityInherit
                0x00002d38       0xbc tasks.o
                0x00002d38                vTaskPriorityInherit
 .text.xTaskPriorityDisinherit
                0x00002df4       0xb8 tasks.o
                0x00002df4                xTaskPriorityDisinherit
 .text.pvTaskIncrementMutexHeldCount
                0x00002eac       0x24 tasks.o
                0x00002eac                pvTaskIncrementMutexHeldCount
 .text.prvAddCurrentTaskToDelayedList
                0x00002ed0       0xa8 tasks.o
 .text.xTimerCreateTimerTask
                0x00002f78       0x54 timers.o
                0x00002f78                xTimerCreateTimerTask
 .text.xTimerGenericCommand
                0x00002fcc       0x9c timers.o
                0x00002fcc                xTimerGenericCommand
 .text.prvProcessExpiredTimer
                0x00003068       0x70 timers.o
 .text.prvTimerTask
                0x000030d8       0x28 timers.o
 .text.prvProcessTimerOrBlockTask
                0x00003100       0x8c timers.o
 .text.prvGetNextExpireTime
                0x0000318c       0x40 timers.o
 .text.prvSampleTimeNow
                0x000031cc       0x40 timers.o
 .text.prvInsertTimerInActiveList
                0x0000320c       0x84 timers.o
 .text.prvProcessReceivedCommands
                0x00003290      0x12c timers.o
 .text.prvSwitchTimerLists
                0x000033bc       0xb4 timers.o
 .text.prvCheckForValidListAndQueue
                0x00003470       0x74 timers.o
 .text.__main   0x000034e4        0xc libs\libcr_semihost_nf.a(_cr__main.o)
                0x000034e4                __CR_SEMIHOST
                0x000034e4                __main
 .text.__assertion_failed
                0x000034f0       0x4c libs\libcr_semihost_nf.a(_cr_assert.o)
                0x000034f0                __assertion_failed
 .text.__sys_appexit
                0x0000353c        0xc libs\libcr_semihost_nf.a(__sys_appexit.o)
                0x0000353c                __sys_appexit
                0x0000353c                __exit
 .text.memcpy   0x00003548        0x8 libs\libcr_c.a(memcpy.o)
                0x00003548                memcpy
 .text.memset   0x00003550        0x8 libs\libcr_c.a(memset.o)
                0x00003550                memset
 .text._deferredlazyseek
                0x00003558       0x40 libs\libcr_c.a(_deferredlazyseek.o)
                0x00003558                _deferredlazyseek
 .text.__flsbuf
                0x00003598      0x14c libs\libcr_c.a(_deferredlazyseek.o)
                0x00003598                __flsbuf
 .text._fflush  0x000036e4       0x60 libs\libcr_c.a(_fflush.o)
                0x000036e4                _fflush
 .text._Cwritebuf
                0x00003744       0x6c libs\libcr_c.a(_writebuf.o)
                0x00003744                _Cwritebuf
 .text.malloc   0x000037b0       0xcc libs\libcr_c.a(alloc.o)
                0x000037b0                malloc
 .text.free     0x0000387c       0x2e libs\libcr_c.a(alloc.o)
                0x0000387c                free
 *fill*         0x000038aa        0x2 ff
 .text._Csys_alloc
                0x000038ac       0x20 libs\libcr_c.a(alloc.o)
                0x000038ac                _Csys_alloc
 .text.fputs    0x000038cc       0x30 libs\libcr_c.a(fputs.o)
                0x000038cc                fputs
 .text.fseek    0x000038fc       0xf0 libs\libcr_c.a(fseek.o)
                0x000038fc                fseek
 .text.ftell    0x000039ec       0x48 libs\libcr_c.a(ftell.o)
                0x000039ec                ftell
 .text._initio  0x00003a34       0x7c libs\libcr_c.a(initio.o)
                0x00003a34                _initio
 .text.setvbuf  0x00003ab0       0x4c libs\libcr_c.a(setvbuf.o)
                0x00003ab0                setvbuf
 .text._sbrk    0x00003afc       0x40 libs\libcr_c.a(_cr_sbrk.o)
                0x00003afc                _sbrk
 .text._fdopen  0x00003b3c       0x74 libs\libcr_c.a(_fdopen.o)
                0x00003b3c                _fdopen
 .text.fclose   0x00003bb0       0x5c libs\libcr_c.a(fclose.o)
                0x00003bb0                fclose
 .text.fflush   0x00003c0c       0x44 libs\libcr_c.a(fflush.o)
                0x00003c0c                fflush
 .text.remove   0x00003c50       0x12 libs\libcr_c.a(remove.o)
                0x00003c50                remove
 *fill*         0x00003c62        0x2 ff
 .text.strlen   0x00003c64       0x54 libs\libcr_c.a(strlen.o)
                0x00003c64                strlen
 .text.__check_heap_overflow
                0x00003cb8       0x14 libs\libcr_c.a(_cr_check_heap.o)
                0x00003cb8                __check_heap_overflow
 .text._do_fflush
                0x00003ccc       0x48 libs\libcr_c.a(_do_fflush.o)
                0x00003ccc                _do_fflush
 .text.__aeabi_division_idivmod
                0x00003d14       0x78 libs\libcr_eabihelpers.a(division_32.o)
                0x00003d14                __aeabi_idivmod
                0x00003d14                __aeabi_idiv
                0x00003d1a                __aeabi_uidivmod
                0x00003d1a                __aeabi_uidiv
 .text.__aeabi_division_idiv0
                0x00003d8c        0x2 libs\libcr_eabihelpers.a(division_idiv0.o)
                0x00003d8c                __aeabi_idiv0
 .text.__aeabi_memcpy
                0x00003d8e       0x2c libs\libcr_eabihelpers.a(memcpy.o)
                0x00003d8e                __aeabi_memcpy4
                0x00003d8e                __aeabi_memcpy8
                0x00003d8e                __aeabi_memcpy
 .text.__aeabi_memset_lowlevel
                0x00003dba       0x2a libs\libcr_eabihelpers.a(memcpy.o)
                0x00003dba                __aeabi_lowlevel_memset
 .text.__sys_close
                0x00003de4        0xc libs\libcr_semihost_nf.a(__sys_close.o)
                0x00003de4                __sys_close
 .text.__sys_flen
                0x00003df0        0xc libs\libcr_semihost_nf.a(__sys_flen.o)
                0x00003df0                __sys_flen
 .text.__sys_istty
                0x00003dfc        0xc libs\libcr_semihost_nf.a(__sys_istty.o)
                0x00003dfc                __sys_istty
 .text.__sys_remove
                0x00003e08        0xc libs\libcr_semihost_nf.a(__sys_remove.o)
                0x00003e08                __sys_remove
 .text.__sys_seek
                0x00003e14        0xc libs\libcr_semihost_nf.a(__sys_seek.o)
                0x00003e14                __sys_seek
 .text.__sys_tmpnam
                0x00003e20        0xc libs\libcr_semihost_nf.a(__sys_tmpnam.o)
                0x00003e20                __sys_tmpnam
 .text.__sys_write
                0x00003e2c        0xc libs\libcr_semihost_nf.a(__sys_write.o)
                0x00003e2c                __sys_write
 *(.rodata .rodata.* .constdata .constdata.*)
 .rodata        0x00003e38       0x9e fsl_clock.o
 *fill*         0x00003ed6        0x2 ff
 .rodata        0x00003ed8      0x377 fsl_lpuart.o
 *fill*         0x0000424f        0x1 ff
 .rodata        0x00004250       0x15 Lab01.o
 *fill*         0x00004265        0x3 ff
 .rodata        0x00004268       0x18 tasks.o
                0x00004270                FreeRTOSDebugConfig
 .rodata        0x00004280        0xd timers.o
 *fill*         0x0000428d        0x3 ff
 .rodata.prvProcessReceivedCommands
                0x00004290       0x28 timers.o
 .rodata.str1.1
                0x000042b8       0x15 libs\libcr_semihost_nf.a(_cr_assert.o)
 *fill*         0x000042cd        0x3 ff
 .rodata.__num_Ciob_streams
                0x000042d0        0x4 libs\libcr_semihost_nf.a(__ciob.o)
                0x000042d0                __num_Ciob_streams
 .rodata.str1.1
                0x000042d4       0x18 libs\libcr_c.a(alloc.o)
 .rodata.str1.1
                0x000042ec        0x4 libs\libcr_c.a(initio.o)
                0x000042f0                . = ALIGN (0x4)

.glue_7         0x000042f0        0x0
 .glue_7        0x000042f0        0x0 linker stubs

.glue_7t        0x000042f0        0x0
 .glue_7t       0x000042f0        0x0 linker stubs

.vfp11_veneer   0x000042f0        0x0
 .vfp11_veneer  0x000042f0        0x0 linker stubs

.v4_bx          0x000042f0        0x0
 .v4_bx         0x000042f0        0x0 linker stubs

.iplt           0x000042f0        0x0
 .iplt          0x000042f0        0x0 board.o

.rel.dyn        0x000042f0        0x0
 .rel.iplt      0x000042f0        0x0 board.o

.ARM.extab
 *(.ARM.extab* .gnu.linkonce.armextab.*)
                0x000042f0                __exidx_start = .

.ARM.exidx
 *(.ARM.exidx* .gnu.linkonce.armexidx.*)
                0x000042f0                __exidx_end = .
                0x000042f0                _etext = .

.mtb_buffer_default
 *(.mtb*)

.uninit_RESERVED
                0x1fff8000        0x0
 *(.bss.$RESERVED*)
                0x1fff8000                . = ALIGN (0x4)
                0x1fff8000                _end_uninit_RESERVED = .

.data           0x1fff8000        0x8 load address 0x000042f0
 FILL mask 0xff
                0x1fff8000                _data = .
 *(vtable)
 *(.ramfunc*)
 *(.data*)
 .data.uxCriticalNesting
                0x1fff8000        0x4 port.o
 .data.SystemCoreClock
                0x1fff8004        0x4 system_MKW41Z4.o
                0x1fff8004                SystemCoreClock
                0x1fff8008                . = ALIGN (0x4)
                0x1fff8008                _edata = .

.igot.plt       0x1fff8008        0x0 load address 0x000042f8
 .igot.plt      0x1fff8008        0x0 board.o

.bss            0x1fff8008     0x2a74 load address 0x000042f8
                0x1fff8008                _bss = .
 *(.bss*)
 .bss.g_xtal0Freq
                0x1fff8008        0x4 fsl_clock.o
                0x1fff8008                g_xtal0Freq
 .bss.s_debugConsole
                0x1fff800c       0x10 fsl_debug_console.o
 .bss.s_lpuartHandle
                0x1fff801c        0x4 fsl_lpuart.o
 .bss.s_lpuartIsr
                0x1fff8020        0x4 fsl_lpuart.o
 .bss.ucHeap    0x1fff8024     0x2800 heap_4.o
 .bss.xStart    0x1fffa824        0x8 heap_4.o
 .bss.pxEnd     0x1fffa82c        0x4 heap_4.o
 .bss.xFreeBytesRemaining
                0x1fffa830        0x4 heap_4.o
 .bss.xMinimumEverFreeBytesRemaining
                0x1fffa834        0x4 heap_4.o
 .bss.xBlockAllocatedBit
                0x1fffa838        0x4 heap_4.o
 .bss.xQueueRegistry
                0x1fffa83c       0x40 queue.o
                0x1fffa83c                xQueueRegistry
 .bss.pxCurrentTCB
                0x1fffa87c        0x4 tasks.o
                0x1fffa87c                pxCurrentTCB
 .bss.pxReadyTasksLists
                0x1fffa880       0x64 tasks.o
 .bss.xDelayedTaskList1
                0x1fffa8e4       0x14 tasks.o
 .bss.xDelayedTaskList2
                0x1fffa8f8       0x14 tasks.o
 .bss.pxDelayedTaskList
                0x1fffa90c        0x4 tasks.o
 .bss.pxOverflowDelayedTaskList
                0x1fffa910        0x4 tasks.o
 .bss.xPendingReadyList
                0x1fffa914       0x14 tasks.o
 .bss.xTasksWaitingTermination
                0x1fffa928       0x14 tasks.o
 .bss.uxDeletedTasksWaitingCleanUp
                0x1fffa93c        0x4 tasks.o
 .bss.xSuspendedTaskList
                0x1fffa940       0x14 tasks.o
 .bss.uxCurrentNumberOfTasks
                0x1fffa954        0x4 tasks.o
 .bss.xTickCount
                0x1fffa958        0x4 tasks.o
 .bss.uxTopReadyPriority
                0x1fffa95c        0x4 tasks.o
 .bss.xSchedulerRunning
                0x1fffa960        0x4 tasks.o
 .bss.uxPendedTicks
                0x1fffa964        0x4 tasks.o
 .bss.xYieldPending
                0x1fffa968        0x4 tasks.o
 .bss.xNumOfOverflows
                0x1fffa96c        0x4 tasks.o
 .bss.uxTaskNumber
                0x1fffa970        0x4 tasks.o
 .bss.xNextTaskUnblockTime
                0x1fffa974        0x4 tasks.o
 .bss.xIdleTaskHandle
                0x1fffa978        0x4 tasks.o
 .bss.uxSchedulerSuspended
                0x1fffa97c        0x4 tasks.o
 .bss.xActiveTimerList1
                0x1fffa980       0x14 timers.o
 .bss.xActiveTimerList2
                0x1fffa994       0x14 timers.o
 .bss.pxCurrentTimerList
                0x1fffa9a8        0x4 timers.o
 .bss.pxOverflowTimerList
                0x1fffa9ac        0x4 timers.o
 .bss.xTimerQueue
                0x1fffa9b0        0x4 timers.o
 .bss.xTimerTaskHandle
                0x1fffa9b4        0x4 timers.o
 .bss.xLastTime.4548
                0x1fffa9b8        0x4 timers.o
 .bss.__Ciob    0x1fffa9bc       0xb4 libs\libcr_semihost_nf.a(__ciob.o)
                0x1fffa9bc                __Ciob
 .bss.__heaps   0x1fffaa70        0x4 libs\libcr_c.a(__init_alloc.o)
                0x1fffaa70                __heaps
 .bss.__end_of_heap
                0x1fffaa74        0x4 libs\libcr_c.a(__init_alloc.o)
                0x1fffaa74                __end_of_heap
 .bss.errno     0x1fffaa78        0x4 libs\libcr_c.a(errno.o)
                0x1fffaa78                errno
 *(COMMON)
                0x1fffaa7c                . = ALIGN (0x4)
                0x1fffaa7c                _ebss = .
                [!provide]                PROVIDE (end, .)

.noinit         0x1fffaa7c        0x0 load address 0x000042f8
                0x1fffaa7c                _noinit = .
 *(.noinit*)
                0x1fffaa7c                . = ALIGN (0x4)
                0x1fffaa7c                _end_noinit = .

.heap           0x1fffaa7c     0x1000 load address 0x000042f8
                0x1fffaa7c                _pvHeapStart = .
                0x1fffba7c                . = (. + 0x1000)
 *fill*         0x1fffaa7c     0x1000 
                0x1fffba7c                . = ALIGN (0x4)
                0x1fffba7c                _pvHeapLimit = .

.heap2stackfill
                0x1fffba7c     0x1000 load address 0x000042f8
                0x1fffca7c                . = (. + 0x1000)
 *fill*         0x1fffba7c     0x1000 

.stack          0x20017000        0x0
                0x20017000                _vStackBase = .
                0x20017000                . = ALIGN (0x4)
                0x20018000                _vStackTop = (. + 0x1000)
OUTPUT(Lab01_test.axf elf32-littlearm)

.debug_info     0x00000000     0x8bac
 .debug_info    0x00000000      0x464 board.o
 .debug_info    0x00000464      0xb49 clock_config.o
 .debug_info    0x00000fad     0x1362 fsl_clock.o
 .debug_info    0x0000230f      0x744 fsl_debug_console.o
 .debug_info    0x00002a53     0x1441 fsl_lpuart.o
 .debug_info    0x00003e94       0xe8 fsl_tickless_lptmr.o
 .debug_info    0x00003f7c      0x311 heap_4.o
 .debug_info    0x0000428d      0x330 Lab01.o
 .debug_info    0x000045bd      0x2c7 list.o
 .debug_info    0x00004884      0x791 pin_mux.o
 .debug_info    0x00005015      0x261 port.o
 .debug_info    0x00005276      0xe2f queue.o
 .debug_info    0x000060a5      0x49e startup_mkw41z4.o
 .debug_info    0x00006543      0x3db system_MKW41Z4.o
 .debug_info    0x0000691e     0x179d tasks.o
 .debug_info    0x000080bb      0xaf1 timers.o

.debug_abbrev   0x00000000     0x1c49
 .debug_abbrev  0x00000000      0x148 board.o
 .debug_abbrev  0x00000148      0x1f5 clock_config.o
 .debug_abbrev  0x0000033d      0x32a fsl_clock.o
 .debug_abbrev  0x00000667      0x1e3 fsl_debug_console.o
 .debug_abbrev  0x0000084a      0x2b7 fsl_lpuart.o
 .debug_abbrev  0x00000b01       0x8f fsl_tickless_lptmr.o
 .debug_abbrev  0x00000b90      0x184 heap_4.o
 .debug_abbrev  0x00000d14      0x151 Lab01.o
 .debug_abbrev  0x00000e65      0x10f list.o
 .debug_abbrev  0x00000f74      0x224 pin_mux.o
 .debug_abbrev  0x00001198      0x192 port.o
 .debug_abbrev  0x0000132a      0x1eb queue.o
 .debug_abbrev  0x00001515      0x16a startup_mkw41z4.o
 .debug_abbrev  0x0000167f      0x139 system_MKW41Z4.o
 .debug_abbrev  0x000017b8      0x297 tasks.o
 .debug_abbrev  0x00001a4f      0x1fa timers.o

.debug_aranges  0x00000000      0xa68
 .debug_aranges
                0x00000000       0x28 board.o
 .debug_aranges
                0x00000028       0x60 clock_config.o
 .debug_aranges
                0x00000088      0x168 fsl_clock.o
 .debug_aranges
                0x000001f0       0x38 fsl_debug_console.o
 .debug_aranges
                0x00000228      0x118 fsl_lpuart.o
 .debug_aranges
                0x00000340       0x20 fsl_tickless_lptmr.o
 .debug_aranges
                0x00000360       0x50 heap_4.o
 .debug_aranges
                0x000003b0       0x48 Lab01.o
 .debug_aranges
                0x000003f8       0x40 list.o
 .debug_aranges
                0x00000438       0x60 pin_mux.o
 .debug_aranges
                0x00000498       0x80 port.o
 .debug_aranges
                0x00000518      0x118 queue.o
 .debug_aranges
                0x00000630      0x160 startup_mkw41z4.o
 .debug_aranges
                0x00000790       0x28 system_MKW41Z4.o
 .debug_aranges
                0x000007b8      0x1e8 tasks.o
 .debug_aranges
                0x000009a0       0xc8 timers.o

.debug_ranges   0x00000000      0x968
 .debug_ranges  0x00000000       0x18 board.o
 .debug_ranges  0x00000018       0x50 clock_config.o
 .debug_ranges  0x00000068      0x158 fsl_clock.o
 .debug_ranges  0x000001c0       0x28 fsl_debug_console.o
 .debug_ranges  0x000001e8      0x108 fsl_lpuart.o
 .debug_ranges  0x000002f0       0x10 fsl_tickless_lptmr.o
 .debug_ranges  0x00000300       0x40 heap_4.o
 .debug_ranges  0x00000340       0x38 Lab01.o
 .debug_ranges  0x00000378       0x30 list.o
 .debug_ranges  0x000003a8       0x50 pin_mux.o
 .debug_ranges  0x000003f8       0x70 port.o
 .debug_ranges  0x00000468      0x108 queue.o
 .debug_ranges  0x00000570      0x150 startup_mkw41z4.o
 .debug_ranges  0x000006c0       0x18 system_MKW41Z4.o
 .debug_ranges  0x000006d8      0x1d8 tasks.o
 .debug_ranges  0x000008b0       0xb8 timers.o

.debug_line     0x00000000     0x358c
 .debug_line    0x00000000      0x12c board.o
 .debug_line    0x0000012c      0x203 clock_config.o
 .debug_line    0x0000032f      0x6a3 fsl_clock.o
 .debug_line    0x000009d2      0x1ab fsl_debug_console.o
 .debug_line    0x00000b7d      0x66b fsl_lpuart.o
 .debug_line    0x000011e8       0xfa fsl_tickless_lptmr.o
 .debug_line    0x000012e2      0x1e2 heap_4.o
 .debug_line    0x000014c4      0x1c2 Lab01.o
 .debug_line    0x00001686      0x166 list.o
 .debug_line    0x000017ec      0x1df pin_mux.o
 .debug_line    0x000019cb      0x209 port.o
 .debug_line    0x00001bd4      0x721 queue.o
 .debug_line    0x000022f5      0x11d startup_mkw41z4.o
 .debug_line    0x00002412      0x15a system_MKW41Z4.o
 .debug_line    0x0000256c      0xc34 tasks.o
 .debug_line    0x000031a0      0x3ec timers.o

.debug_str      0x00000000     0x4bf6
 .debug_str     0x00000000      0x3a6 board.o
                                0x3ed (size before relaxing)
 .debug_str     0x000003a6      0x74a clock_config.o
                                0xa30 (size before relaxing)
 .debug_str     0x00000af0      0xdfb fsl_clock.o
                               0x12c6 (size before relaxing)
 .debug_str     0x000018eb      0x29d fsl_debug_console.o
                                0xaca (size before relaxing)
 .debug_str     0x00001b88      0xe1b fsl_lpuart.o
                               0x1725 (size before relaxing)
 .debug_str     0x000029a3       0x37 fsl_tickless_lptmr.o
                                0x234 (size before relaxing)
 .debug_str     0x000029da      0x1c7 heap_4.o
                                0x3ba (size before relaxing)
 .debug_str     0x00002ba1       0x8c Lab01.o
                                0x34c (size before relaxing)
 .debug_str     0x00002c2d      0x125 list.o
                                0x32e (size before relaxing)
 .debug_str     0x00002d52      0x3a4 pin_mux.o
                                0x870 (size before relaxing)
 .debug_str     0x000030f6      0x15c port.o
                                0x370 (size before relaxing)
 .debug_str     0x00003252      0x559 queue.o
                                0x850 (size before relaxing)
 .debug_str     0x000037ab      0x354 startup_mkw41z4.o
                                0x4bf (size before relaxing)
 .debug_str     0x00003aff       0x46 system_MKW41Z4.o
                                0x31f (size before relaxing)
 .debug_str     0x00003b45      0xbe0 tasks.o
                                0xfce (size before relaxing)
 .debug_str     0x00004725      0x4d1 timers.o
                                0x810 (size before relaxing)

.comment        0x00000000       0xed
 .comment       0x00000000       0x7f board.o
                                 0x80 (size before relaxing)
 .comment       0x0000007f       0x80 clock_config.o
 .comment       0x0000007f       0x80 fsl_clock.o
 .comment       0x0000007f       0x80 fsl_debug_console.o
 .comment       0x0000007f       0x80 fsl_lpuart.o
 .comment       0x0000007f       0x80 fsl_tickless_lptmr.o
 .comment       0x0000007f       0x80 heap_4.o
 .comment       0x0000007f       0x80 Lab01.o
 .comment       0x0000007f       0x80 list.o
 .comment       0x0000007f       0x80 pin_mux.o
 .comment       0x0000007f       0x80 port.o
 .comment       0x0000007f       0x80 queue.o
 .comment       0x0000007f       0x80 startup_mkw41z4.o
 .comment       0x0000007f       0x80 system_MKW41Z4.o
 .comment       0x0000007f       0x80 tasks.o
 .comment       0x0000007f       0x80 timers.o
 .comment       0x0000007f       0x6e libs\libcr_semihost_nf.a(_cr__main.o)
                                 0x6f (size before relaxing)
 .comment       0x000000ed       0x6f libs\libcr_semihost_nf.a(_cr_assert.o)
 .comment       0x000000ed       0x6f libs\libcr_semihost_nf.a(__ciob.o)
 .comment       0x000000ed       0x6f libs\libcr_c.a(memcpy.o)
 .comment       0x000000ed       0x6f libs\libcr_c.a(memset.o)
 .comment       0x000000ed       0x6f libs\libcr_c.a(_deferredlazyseek.o)
 .comment       0x000000ed       0x6f libs\libcr_c.a(_fflush.o)
 .comment       0x000000ed       0x6f libs\libcr_c.a(_writebuf.o)
 .comment       0x000000ed       0x6f libs\libcr_c.a(alloc.o)
 .comment       0x000000ed       0x6f libs\libcr_c.a(fputs.o)
 .comment       0x000000ed       0x6f libs\libcr_c.a(fseek.o)
 .comment       0x000000ed       0x6f libs\libcr_c.a(ftell.o)
 .comment       0x000000ed       0x6f libs\libcr_c.a(initio.o)
 .comment       0x000000ed       0x6f libs\libcr_c.a(setvbuf.o)
 .comment       0x000000ed       0x6f libs\libcr_c.a(__init_alloc.o)
 .comment       0x000000ed       0x6f libs\libcr_c.a(_cr_sbrk.o)
 .comment       0x000000ed       0x6f libs\libcr_c.a(_fdopen.o)
 .comment       0x000000ed       0x6f libs\libcr_c.a(errno.o)
 .comment       0x000000ed       0x6f libs\libcr_c.a(fclose.o)
 .comment       0x000000ed       0x6f libs\libcr_c.a(fflush.o)
 .comment       0x000000ed       0x6f libs\libcr_c.a(remove.o)
 .comment       0x000000ed       0x6f libs\libcr_c.a(strlen.o)
 .comment       0x000000ed       0x6f libs\libcr_c.a(_cr_check_heap.o)
 .comment       0x000000ed       0x6f libs\libcr_c.a(_do_fflush.o)

.ARM.attributes
                0x00000000       0x30
 .ARM.attributes
                0x00000000       0x32 board.o
 .ARM.attributes
                0x00000032       0x32 clock_config.o
 .ARM.attributes
                0x00000064       0x32 fsl_clock.o
 .ARM.attributes
                0x00000096       0x32 fsl_debug_console.o
 .ARM.attributes
                0x000000c8       0x32 fsl_lpuart.o
 .ARM.attributes
                0x000000fa       0x32 fsl_tickless_lptmr.o
 .ARM.attributes
                0x0000012c       0x32 heap_4.o
 .ARM.attributes
                0x0000015e       0x32 Lab01.o
 .ARM.attributes
                0x00000190       0x32 list.o
 .ARM.attributes
                0x000001c2       0x32 pin_mux.o
 .ARM.attributes
                0x000001f4       0x32 port.o
 .ARM.attributes
                0x00000226       0x32 queue.o
 .ARM.attributes
                0x00000258       0x32 startup_mkw41z4.o
 .ARM.attributes
                0x0000028a       0x32 system_MKW41Z4.o
 .ARM.attributes
                0x000002bc       0x32 tasks.o
 .ARM.attributes
                0x000002ee       0x32 timers.o
 .ARM.attributes
                0x00000320       0x31 libs\libcr_semihost_nf.a(_cr__main.o)
 .ARM.attributes
                0x00000351       0x31 libs\libcr_semihost_nf.a(_cr_assert.o)
 .ARM.attributes
                0x00000382       0x31 libs\libcr_semihost_nf.a(__ciob.o)
 .ARM.attributes
                0x000003b3       0x21 libs\libcr_semihost_nf.a(__sys_appexit.o)
 .ARM.attributes
                0x000003d4       0x31 libs\libcr_c.a(memcpy.o)
 .ARM.attributes
                0x00000405       0x31 libs\libcr_c.a(memset.o)
 .ARM.attributes
                0x00000436       0x31 libs\libcr_c.a(_deferredlazyseek.o)
 .ARM.attributes
                0x00000467       0x31 libs\libcr_c.a(_fflush.o)
 .ARM.attributes
                0x00000498       0x31 libs\libcr_c.a(_writebuf.o)
 .ARM.attributes
                0x000004c9       0x31 libs\libcr_c.a(alloc.o)
 .ARM.attributes
                0x000004fa       0x31 libs\libcr_c.a(fputs.o)
 .ARM.attributes
                0x0000052b       0x31 libs\libcr_c.a(fseek.o)
 .ARM.attributes
                0x0000055c       0x31 libs\libcr_c.a(ftell.o)
 .ARM.attributes
                0x0000058d       0x31 libs\libcr_c.a(initio.o)
 .ARM.attributes
                0x000005be       0x31 libs\libcr_c.a(setvbuf.o)
 .ARM.attributes
                0x000005ef       0x31 libs\libcr_c.a(__init_alloc.o)
 .ARM.attributes
                0x00000620       0x31 libs\libcr_c.a(_cr_sbrk.o)
 .ARM.attributes
                0x00000651       0x31 libs\libcr_c.a(_fdopen.o)
 .ARM.attributes
                0x00000682       0x31 libs\libcr_c.a(errno.o)
 .ARM.attributes
                0x000006b3       0x31 libs\libcr_c.a(fclose.o)
 .ARM.attributes
                0x000006e4       0x31 libs\libcr_c.a(fflush.o)
 .ARM.attributes
                0x00000715       0x31 libs\libcr_c.a(remove.o)
 .ARM.attributes
                0x00000746       0x31 libs\libcr_c.a(strlen.o)
 .ARM.attributes
                0x00000777       0x31 libs\libcr_c.a(_cr_check_heap.o)
 .ARM.attributes
                0x000007a8       0x31 libs\libcr_c.a(_do_fflush.o)
 .ARM.attributes
                0x000007d9       0x21 libs\libcr_eabihelpers.a(division_32.o)
 .ARM.attributes
                0x000007fa       0x21 libs\libcr_eabihelpers.a(division_idiv0.o)
 .ARM.attributes
                0x0000081b       0x21 libs\libcr_eabihelpers.a(memcpy.o)
 .ARM.attributes
                0x0000083c       0x21 libs\libcr_semihost_nf.a(__sys_close.o)
 .ARM.attributes
                0x0000085d       0x21 libs\libcr_semihost_nf.a(__sys_flen.o)
 .ARM.attributes
                0x0000087e       0x21 libs\libcr_semihost_nf.a(__sys_istty.o)
 .ARM.attributes
                0x0000089f       0x21 libs\libcr_semihost_nf.a(__sys_remove.o)
 .ARM.attributes
                0x000008c0       0x21 libs\libcr_semihost_nf.a(__sys_seek.o)
 .ARM.attributes
                0x000008e1       0x21 libs\libcr_semihost_nf.a(__sys_tmpnam.o)
 .ARM.attributes
                0x00000902       0x21 libs\libcr_semihost_nf.a(__sys_write.o)

.debug_frame    0x00000000     0x2250
 .debug_frame   0x00000000       0x50 board.o
 .debug_frame   0x00000050      0x12c clock_config.o
 .debug_frame   0x0000017c      0x528 fsl_clock.o
 .debug_frame   0x000006a4       0x8c fsl_debug_console.o
 .debug_frame   0x00000730      0x40c fsl_lpuart.o
 .debug_frame   0x00000b3c       0x30 fsl_tickless_lptmr.o
 .debug_frame   0x00000b6c       0xe4 heap_4.o
 .debug_frame   0x00000c50       0xc8 Lab01.o
 .debug_frame   0x00000d18       0xb0 list.o
 .debug_frame   0x00000dc8      0x124 pin_mux.o
 .debug_frame   0x00000eec      0x154 port.o
 .debug_frame   0x00001040      0x410 queue.o
 .debug_frame   0x00001450      0x3b0 startup_mkw41z4.o
 .debug_frame   0x00001800       0x4c system_MKW41Z4.o
 .debug_frame   0x0000184c      0x73c tasks.o
 .debug_frame   0x00001f88      0x2c8 timers.o
